Archive member included to satisfy reference by file (symbol)

c:/st/stm32cubeide_1.6.1/stm32cubeide/plugins/com.st.stm32cube.ide.mcu.externaltools.gnu-tools-for-stm32.9-2020-q2-update.win32_1.5.0.202011040924/tools/bin/../lib/gcc/arm-none-eabi/9.3.1/../../../../arm-none-eabi/lib/thumb/v7e-m+fp/hard\libc_nano.a(lib_a-exit.o)
                              c:/st/stm32cubeide_1.6.1/stm32cubeide/plugins/com.st.stm32cube.ide.mcu.externaltools.gnu-tools-for-stm32.9-2020-q2-update.win32_1.5.0.202011040924/tools/bin/../lib/gcc/arm-none-eabi/9.3.1/../../../../arm-none-eabi/lib/thumb/v7e-m+fp/hard/crt0.o (exit)
c:/st/stm32cubeide_1.6.1/stm32cubeide/plugins/com.st.stm32cube.ide.mcu.externaltools.gnu-tools-for-stm32.9-2020-q2-update.win32_1.5.0.202011040924/tools/bin/../lib/gcc/arm-none-eabi/9.3.1/../../../../arm-none-eabi/lib/thumb/v7e-m+fp/hard\libc_nano.a(lib_a-impure.o)
                              c:/st/stm32cubeide_1.6.1/stm32cubeide/plugins/com.st.stm32cube.ide.mcu.externaltools.gnu-tools-for-stm32.9-2020-q2-update.win32_1.5.0.202011040924/tools/bin/../lib/gcc/arm-none-eabi/9.3.1/../../../../arm-none-eabi/lib/thumb/v7e-m+fp/hard\libc_nano.a(lib_a-exit.o) (_global_impure_ptr)
c:/st/stm32cubeide_1.6.1/stm32cubeide/plugins/com.st.stm32cube.ide.mcu.externaltools.gnu-tools-for-stm32.9-2020-q2-update.win32_1.5.0.202011040924/tools/bin/../lib/gcc/arm-none-eabi/9.3.1/../../../../arm-none-eabi/lib/thumb/v7e-m+fp/hard\libc_nano.a(lib_a-init.o)
                              c:/st/stm32cubeide_1.6.1/stm32cubeide/plugins/com.st.stm32cube.ide.mcu.externaltools.gnu-tools-for-stm32.9-2020-q2-update.win32_1.5.0.202011040924/tools/bin/../lib/gcc/arm-none-eabi/9.3.1/../../../../arm-none-eabi/lib/thumb/v7e-m+fp/hard/crt0.o (__libc_init_array)
c:/st/stm32cubeide_1.6.1/stm32cubeide/plugins/com.st.stm32cube.ide.mcu.externaltools.gnu-tools-for-stm32.9-2020-q2-update.win32_1.5.0.202011040924/tools/bin/../lib/gcc/arm-none-eabi/9.3.1/../../../../arm-none-eabi/lib/thumb/v7e-m+fp/hard\libc_nano.a(lib_a-memcpy-stub.o)
                              Application/User/vl53l1_platform.o (memcpy)
c:/st/stm32cubeide_1.6.1/stm32cubeide/plugins/com.st.stm32cube.ide.mcu.externaltools.gnu-tools-for-stm32.9-2020-q2-update.win32_1.5.0.202011040924/tools/bin/../lib/gcc/arm-none-eabi/9.3.1/../../../../arm-none-eabi/lib/thumb/v7e-m+fp/hard\libc_nano.a(lib_a-memset.o)
                              c:/st/stm32cubeide_1.6.1/stm32cubeide/plugins/com.st.stm32cube.ide.mcu.externaltools.gnu-tools-for-stm32.9-2020-q2-update.win32_1.5.0.202011040924/tools/bin/../lib/gcc/arm-none-eabi/9.3.1/../../../../arm-none-eabi/lib/thumb/v7e-m+fp/hard/crt0.o (memset)
c:/st/stm32cubeide_1.6.1/stm32cubeide/plugins/com.st.stm32cube.ide.mcu.externaltools.gnu-tools-for-stm32.9-2020-q2-update.win32_1.5.0.202011040924/tools/bin/../lib/gcc/arm-none-eabi/9.3.1/../../../../arm-none-eabi/lib/thumb/v7e-m+fp/hard\libc_nano.a(lib_a-nano-vfprintf_float.o)
                              (_printf_float)
c:/st/stm32cubeide_1.6.1/stm32cubeide/plugins/com.st.stm32cube.ide.mcu.externaltools.gnu-tools-for-stm32.9-2020-q2-update.win32_1.5.0.202011040924/tools/bin/../lib/gcc/arm-none-eabi/9.3.1/../../../../arm-none-eabi/lib/thumb/v7e-m+fp/hard\libc_nano.a(lib_a-nano-vfprintf_i.o)
                              c:/st/stm32cubeide_1.6.1/stm32cubeide/plugins/com.st.stm32cube.ide.mcu.externaltools.gnu-tools-for-stm32.9-2020-q2-update.win32_1.5.0.202011040924/tools/bin/../lib/gcc/arm-none-eabi/9.3.1/../../../../arm-none-eabi/lib/thumb/v7e-m+fp/hard\libc_nano.a(lib_a-nano-vfprintf_float.o) (_printf_common)
c:/st/stm32cubeide_1.6.1/stm32cubeide/plugins/com.st.stm32cube.ide.mcu.externaltools.gnu-tools-for-stm32.9-2020-q2-update.win32_1.5.0.202011040924/tools/bin/../lib/gcc/arm-none-eabi/9.3.1/../../../../arm-none-eabi/lib/thumb/v7e-m+fp/hard\libc_nano.a(lib_a-printf.o)
                              Application/User/main.o (printf)
c:/st/stm32cubeide_1.6.1/stm32cubeide/plugins/com.st.stm32cube.ide.mcu.externaltools.gnu-tools-for-stm32.9-2020-q2-update.win32_1.5.0.202011040924/tools/bin/../lib/gcc/arm-none-eabi/9.3.1/../../../../arm-none-eabi/lib/thumb/v7e-m+fp/hard\libc_nano.a(lib_a-puts.o)
                              Application/User/main.o (puts)
c:/st/stm32cubeide_1.6.1/stm32cubeide/plugins/com.st.stm32cube.ide.mcu.externaltools.gnu-tools-for-stm32.9-2020-q2-update.win32_1.5.0.202011040924/tools/bin/../lib/gcc/arm-none-eabi/9.3.1/../../../../arm-none-eabi/lib/thumb/v7e-m+fp/hard\libc_nano.a(lib_a-strlen.o)
                              c:/st/stm32cubeide_1.6.1/stm32cubeide/plugins/com.st.stm32cube.ide.mcu.externaltools.gnu-tools-for-stm32.9-2020-q2-update.win32_1.5.0.202011040924/tools/bin/../lib/gcc/arm-none-eabi/9.3.1/../../../../arm-none-eabi/lib/thumb/v7e-m+fp/hard\libc_nano.a(lib_a-nano-vfprintf_float.o) (strlen)
[...]
Memory Configuration

Name             Origin             Length             Attributes
FLASH            0x0000000008000000 0x0000000000080000 xr
RAM              0x0000000020000000 0x0000000000018000 xrw
*default*        0x0000000000000000 0xffffffffffffffff

Linker script and memory map

LOAD c:/st/stm32cubeide_1.6.1/stm32cubeide/plugins/com.st.stm32cube.ide.mcu.externaltools.gnu-tools-for-stm32.9-2020-q2-update.win32_1.5.0.202011040924/tools/bin/../lib/gcc/arm-none-eabi/9.3.1/thumb/v7e-m+fp/hard/crti.o
LOAD c:/st/stm32cubeide_1.6.1/stm32cubeide/plugins/com.st.stm32cube.ide.mcu.externaltools.gnu-tools-for-stm32.9-2020-q2-update.win32_1.5.0.202011040924/tools/bin/../lib/gcc/arm-none-eabi/9.3.1/thumb/v7e-m+fp/hard/crtbegin.o
LOAD c:/st/stm32cubeide_1.6.1/stm32cubeide/plugins/com.st.stm32cube.ide.mcu.externaltools.gnu-tools-for-stm32.9-2020-q2-update.win32_1.5.0.202011040924/tools/bin/../lib/gcc/arm-none-eabi/9.3.1/../../../../arm-none-eabi/lib/thumb/v7e-m+fp/hard/crt0.o
LOAD Application/SW4STM32/startup_stm32f401xe.o
LOAD Application/User/main.o
LOAD Application/User/stm32f4xx_hal_msp.o
LOAD Application/User/stm32f4xx_it.o
LOAD Application/User/syscalls.o
LOAD Application/User/vl53l1_platform.o
LOAD Application/User/vl53l1_platform_init.o
LOAD Application/User/vl53l1_platform_ipp.o
LOAD Application/User/vl53l1_platform_log.o
LOAD Drivers/BSP/53L1A2/53L1A2.o
LOAD Drivers/BSP/vl53l1/vl53l1_api.o
LOAD Drivers/BSP/vl53l1/vl53l1_api_calibration.o
LOAD Drivers/BSP/vl53l1/vl53l1_api_core.o
LOAD Drivers/BSP/vl53l1/vl53l1_api_debug.o
LOAD Drivers/BSP/vl53l1/vl53l1_api_preset_modes.o
LOAD Drivers/BSP/vl53l1/vl53l1_api_strings.o
LOAD Drivers/BSP/vl53l1/vl53l1_core.o
LOAD Drivers/BSP/vl53l1/vl53l1_core_support.o
LOAD Drivers/BSP/vl53l1/vl53l1_dmax.o
LOAD Drivers/BSP/vl53l1/vl53l1_error_strings.o
LOAD Drivers/BSP/vl53l1/vl53l1_hist_algos_gen3.o
LOAD Drivers/BSP/vl53l1/vl53l1_hist_algos_gen4.o
LOAD Drivers/BSP/vl53l1/vl53l1_hist_char.o
LOAD Drivers/BSP/vl53l1/vl53l1_hist_core.o
LOAD Drivers/BSP/vl53l1/vl53l1_hist_funcs.o
LOAD Drivers/BSP/vl53l1/vl53l1_nvm.o
LOAD Drivers/BSP/vl53l1/vl53l1_nvm_debug.o
LOAD Drivers/BSP/vl53l1/vl53l1_register_funcs.o
LOAD Drivers/BSP/vl53l1/vl53l1_sigma_estimate.o
LOAD Drivers/BSP/vl53l1/vl53l1_silicon_core.o
LOAD Drivers/BSP/vl53l1/vl53l1_wait.o
LOAD Drivers/BSP/vl53l1/vl53l1_xtalk.o
LOAD Drivers/BSP/vl53l1/vl53l1_zone_presets.o
LOAD Drivers/CMSIS/system_stm32f4xx.o
LOAD Drivers/STM32F4xx_HAL_Driver/stm32f4xx_hal.o
LOAD Drivers/STM32F4xx_HAL_Driver/stm32f4xx_hal_cortex.o
LOAD Drivers/STM32F4xx_HAL_Driver/stm32f4xx_hal_dma.o
LOAD Drivers/STM32F4xx_HAL_Driver/stm32f4xx_hal_dma_ex.o
LOAD Drivers/STM32F4xx_HAL_Driver/stm32f4xx_hal_flash.o
LOAD Drivers/STM32F4xx_HAL_Driver/stm32f4xx_hal_flash_ex.o
LOAD Drivers/STM32F4xx_HAL_Driver/stm32f4xx_hal_flash_ramfunc.o
LOAD Drivers/STM32F4xx_HAL_Driver/stm32f4xx_hal_gpio.o
LOAD Drivers/STM32F4xx_HAL_Driver/stm32f4xx_hal_i2c.o
LOAD Drivers/STM32F4xx_HAL_Driver/stm32f4xx_hal_i2c_ex.o
LOAD Drivers/STM32F4xx_HAL_Driver/stm32f4xx_hal_pwr.o
LOAD Drivers/STM32F4xx_HAL_Driver/stm32f4xx_hal_pwr_ex.o
LOAD Drivers/STM32F4xx_HAL_Driver/stm32f4xx_hal_rcc.o
LOAD Drivers/STM32F4xx_HAL_Driver/stm32f4xx_hal_rcc_ex.o
LOAD Drivers/STM32F4xx_HAL_Driver/stm32f4xx_hal_tim.o
LOAD Drivers/STM32F4xx_HAL_Driver/stm32f4xx_hal_tim_ex.o
LOAD Drivers/STM32F4xx_HAL_Driver/stm32f4xx_hal_uart.o
LOAD Drivers/STM32F4xx_HAL_Driver/stm32f4xx_hal_usart.o
START GROUP
LOAD c:/st/stm32cubeide_1.6.1/stm32cubeide/plugins/com.st.stm32cube.ide.mcu.externaltools.gnu-tools-for-stm32.9-2020-q2-update.win32_1.5.0.202011040924/tools/bin/../lib/gcc/arm-none-eabi/9.3.1/../../../../arm-none-eabi/lib/thumb/v7e-m+fp/hard\libc_nano.a
LOAD c:/st/stm32cubeide_1.6.1/stm32cubeide/plugins/com.st.stm32cube.ide.mcu.externaltools.gnu-tools-for-stm32.9-2020-q2-update.win32_1.5.0.202011040924/tools/bin/../lib/gcc/arm-none-eabi/9.3.1/../../../../arm-none-eabi/lib/thumb/v7e-m+fp/hard\libm.a
END GROUP
START GROUP
LOAD c:/st/stm32cubeide_1.6.1/stm32cubeide/plugins/com.st.stm32cube.ide.mcu.externaltools.gnu-tools-for-stm32.9-2020-q2-update.win32_1.5.0.202011040924/tools/bin/../lib/gcc/arm-none-eabi/9.3.1/thumb/v7e-m+fp/hard\libgcc.a
LOAD c:/st/stm32cubeide_1.6.1/stm32cubeide/plugins/com.st.stm32cube.ide.mcu.externaltools.gnu-tools-for-stm32.9-2020-q2-update.win32_1.5.0.202011040924/tools/bin/../lib/gcc/arm-none-eabi/9.3.1/../../../../arm-none-eabi/lib/thumb/v7e-m+fp/hard\libc_nano.a
END GROUP
START GROUP
LOAD c:/st/stm32cubeide_1.6.1/stm32cubeide/plugins/com.st.stm32cube.ide.mcu.externaltools.gnu-tools-for-stm32.9-2020-q2-update.win32_1.5.0.202011040924/tools/bin/../lib/gcc/arm-none-eabi/9.3.1/thumb/v7e-m+fp/hard\libgcc.a
LOAD c:/st/stm32cubeide_1.6.1/stm32cubeide/plugins/com.st.stm32cube.ide.mcu.externaltools.gnu-tools-for-stm32.9-2020-q2-update.win32_1.5.0.202011040924/tools/bin/../lib/gcc/arm-none-eabi/9.3.1/../../../../arm-none-eabi/lib/thumb/v7e-m+fp/hard\libc_nano.a
LOAD c:/st/stm32cubeide_1.6.1/stm32cubeide/plugins/com.st.stm32cube.ide.mcu.externaltools.gnu-tools-for-stm32.9-2020-q2-update.win32_1.5.0.202011040924/tools/bin/../lib/gcc/arm-none-eabi/9.3.1/../../../../arm-none-eabi/lib/thumb/v7e-m+fp/hard\libnosys.a
END GROUP
START GROUP
LOAD c:/st/stm32cubeide_1.6.1/stm32cubeide/plugins/com.st.stm32cube.ide.mcu.externaltools.gnu-tools-for-stm32.9-2020-q2-update.win32_1.5.0.202011040924/tools/bin/../lib/gcc/arm-none-eabi/9.3.1/thumb/v7e-m+fp/hard\libgcc.a
LOAD c:/st/stm32cubeide_1.6.1/stm32cubeide/plugins/com.st.stm32cube.ide.mcu.externaltools.gnu-tools-for-stm32.9-2020-q2-update.win32_1.5.0.202011040924/tools/bin/../lib/gcc/arm-none-eabi/9.3.1/../../../../arm-none-eabi/lib/thumb/v7e-m+fp/hard\libc_nano.a
LOAD c:/st/stm32cubeide_1.6.1/stm32cubeide/plugins/com.st.stm32cube.ide.mcu.externaltools.gnu-tools-for-stm32.9-2020-q2-update.win32_1.5.0.202011040924/tools/bin/../lib/gcc/arm-none-eabi/9.3.1/../../../../arm-none-eabi/lib/thumb/v7e-m+fp/hard\libnosys.a
END GROUP
LOAD c:/st/stm32cubeide_1.6.1/stm32cubeide/plugins/com.st.stm32cube.ide.mcu.externaltools.gnu-tools-for-stm32.9-2020-q2-update.win32_1.5.0.202011040924/tools/bin/../lib/gcc/arm-none-eabi/9.3.1/thumb/v7e-m+fp/hard/crtend.o
LOAD c:/st/stm32cubeide_1.6.1/stm32cubeide/plugins/com.st.stm32cube.ide.mcu.externaltools.gnu-tools-for-stm32.9-2020-q2-update.win32_1.5.0.202011040924/tools/bin/../lib/gcc/arm-none-eabi/9.3.1/thumb/v7e-m+fp/hard/crtn.o
                0x0000000020018000                _estack = 0x20018000
                0x0000000000000200                _Min_Heap_Size = 0x200
                0x0000000000000400                _Min_Stack_Size = 0x400

.isr_vector     0x0000000008000000      0x194
                0x0000000008000000                . = ALIGN (0x4)
 *(.isr_vector)
 .isr_vector    0x0000000008000000      0x194 Application/SW4STM32/startup_stm32f401xe.o
                0x0000000008000000                g_pfnVectors
                0x0000000008000194                . = ALIGN (0x4)

.text           0x00000000080001a0     0xdd00
                0x00000000080001a0                . = ALIGN (0x4)
 *(.text)
 .text          0x00000000080001a0       0x40 c:/st/stm32cubeide_1.6.1/stm32cubeide/plugins/com.st.stm32cube.ide.mcu.externaltools.gnu-tools-for-stm32.9-2020-q2-update.win32_1.5.0.202011040924/tools/bin/../lib/gcc/arm-none-eabi/9.3.1/thumb/v7e-m+fp/hard/crtbegin.o
 .text          0x00000000080001e0       0x10 c:/st/stm32cubeide_1.6.1/stm32cubeide/plugins/com.st.stm32cube.ide.mcu.externaltools.gnu-tools-for-stm32.9-2020-q2-update.win32_1.5.0.202011040924/tools/bin/../lib/gcc/arm-none-eabi/9.3.1/../../../../arm-none-eabi/lib/thumb/v7e-m+fp/hard\libc_nano.a(lib_a-strlen.o)
                0x00000000080001e0                strlen
 .text          0x00000000080001f0       0xa0 c:/st/stm32cubeide_1.6.1/stm32cubeide/plugins/com.st.stm32cube.ide.mcu.externaltools.gnu-tools-for-stm32.9-2020-q2-update.win32_1.5.0.202011040924/tools/bin/../lib/gcc/arm-none-eabi/9.3.1/../../../../arm-none-eabi/lib/thumb/v7e-m+fp/hard\libc_nano.a(lib_a-memchr.o)
                0x00000000080001f0                memchr
 .text          0x0000000008000290      0x378 c:/st/stm32cubeide_1.6.1/stm32cubeide/plugins/com.st.stm32cube.ide.mcu.externaltools.gnu-tools-for-stm32.9-2020-q2-update.win32_1.5.0.202011040924/tools/bin/../lib/gcc/arm-none-eabi/9.3.1/thumb/v7e-m+fp/hard\libgcc.a(_arm_addsubdf3.o)
                0x0000000008000290                __aeabi_drsub
                0x0000000008000298                __aeabi_dsub
                0x0000000008000298                __subdf3
                0x000000000800029c                __aeabi_dadd
                0x000000000800029c                __adddf3
                0x0000000008000514                __floatunsidf
                0x0000000008000514                __aeabi_ui2d
                0x0000000008000534                __floatsidf
                0x0000000008000534                __aeabi_i2d
                0x0000000008000558                __aeabi_f2d
                0x0000000008000558                __extendsfdf2
                0x000000000800059c                __floatundidf
                0x000000000800059c                __aeabi_ul2d
                0x00000000080005ac                __floatdidf
                0x00000000080005ac                __aeabi_l2d
 .text          0x0000000008000608      0x424 c:/st/stm32cubeide_1.6.1/stm32cubeide/plugins/com.st.stm32cube.ide.mcu.externaltools.gnu-tools-for-stm32.9-2020-q2-update.win32_1.5.0.202011040924/tools/bin/../lib/gcc/arm-none-eabi/9.3.1/thumb/v7e-m+fp/hard\libgcc.a(_arm_muldivdf3.o)
                0x0000000008000608                __aeabi_dmul
                0x0000000008000608                __muldf3
                0x000000000800085c                __divdf3
                0x000000000800085c                __aeabi_ddiv
 .text          0x0000000008000a2c      0x110 c:/st/stm32cubeide_1.6.1/stm32cubeide/plugins/com.st.stm32cube.ide.mcu.externaltools.gnu-tools-for-stm32.9-2020-q2-update.win32_1.5.0.202011040924/tools/bin/../lib/gcc/arm-none-eabi/9.3.1/thumb/v7e-m+fp/hard\libgcc.a(_arm_cmpdf2.o)
                0x0000000008000a2c                __gtdf2
                0x0000000008000a2c                __gedf2
                0x0000000008000a34                __ltdf2
                0x0000000008000a34                __ledf2
                0x0000000008000a3c                __nedf2
                0x0000000008000a3c                __eqdf2
                0x0000000008000a3c                __cmpdf2
                0x0000000008000ab8                __aeabi_cdrcmple
                0x0000000008000ac8                __aeabi_cdcmpeq
                0x0000000008000ac8                __aeabi_cdcmple
                0x0000000008000ad8                __aeabi_dcmpeq
                0x0000000008000aec                __aeabi_dcmplt
                0x0000000008000b00                __aeabi_dcmple
                0x0000000008000b14                __aeabi_dcmpge
                0x0000000008000b28                __aeabi_dcmpgt
 .text          0x0000000008000b3c       0x2c c:/st/stm32cubeide_1.6.1/stm32cubeide/plugins/com.st.stm32cube.ide.mcu.externaltools.gnu-tools-for-stm32.9-2020-q2-update.win32_1.5.0.202011040924/tools/bin/../lib/gcc/arm-none-eabi/9.3.1/thumb/v7e-m+fp/hard\libgcc.a(_arm_unorddf2.o)
                0x0000000008000b3c                __unorddf2
                0x0000000008000b3c                __aeabi_dcmpun
 .text          0x0000000008000b68       0x50 c:/st/stm32cubeide_1.6.1/stm32cubeide/plugins/com.st.stm32cube.ide.mcu.externaltools.gnu-tools-for-stm32.9-2020-q2-update.win32_1.5.0.202011040924/tools/bin/../lib/gcc/arm-none-eabi/9.3.1/thumb/v7e-m+fp/hard\libgcc.a(_arm_fixdfsi.o)
                0x0000000008000b68                __aeabi_d2iz
                0x0000000008000b68                __fixdfsi
 .text          0x0000000008000bb8       0xa0 c:/st/stm32cubeide_1.6.1/stm32cubeide/plugins/com.st.stm32cube.ide.mcu.externaltools.gnu-tools-for-stm32.9-2020-q2-update.win32_1.5.0.202011040924/tools/bin/../lib/gcc/arm-none-eabi/9.3.1/thumb/v7e-m+fp/hard\libgcc.a(_aeabi_ldivmod.o)
                0x0000000008000bb8                __aeabi_ldivmod
 .text          0x0000000008000c58       0x30 c:/st/stm32cubeide_1.6.1/stm32cubeide/plugins/com.st.stm32cube.ide.mcu.externaltools.gnu-tools-for-stm32.9-2020-q2-update.win32_1.5.0.202011040924/tools/bin/../lib/gcc/arm-none-eabi/9.3.1/thumb/v7e-m+fp/hard\libgcc.a(_aeabi_uldivmod.o)
                0x0000000008000c58                __aeabi_uldivmod
 .text          0x0000000008000c88      0x2c4 c:/st/stm32cubeide_1.6.1/stm32cubeide/plugins/com.st.stm32cube.ide.mcu.externaltools.gnu-tools-for-stm32.9-2020-q2-update.win32_1.5.0.202011040924/tools/bin/../lib/gcc/arm-none-eabi/9.3.1/thumb/v7e-m+fp/hard\libgcc.a(_udivmoddi4.o)
                0x0000000008000c88                __udivmoddi4
 .text          0x0000000008000f4c        0x4 c:/st/stm32cubeide_1.6.1/stm32cubeide/plugins/com.st.stm32cube.ide.mcu.externaltools.gnu-tools-for-stm32.9-2020-q2-update.win32_1.5.0.202011040924/tools/bin/../lib/gcc/arm-none-eabi/9.3.1/thumb/v7e-m+fp/hard\libgcc.a(_dvmd_tls.o)
                0x0000000008000f4c                __aeabi_idiv0
                0x0000000008000f4c                __aeabi_ldiv0
 *(.text*)
 .text.Reset_Handler
                0x0000000008000f50       0x50 Application/SW4STM32/startup_stm32f401xe.o
                0x0000000008000f50                Reset_Handler
 .text.Default_Handler
                0x0000000008000fa0        0x2 Application/SW4STM32/startup_stm32f401xe.o
                0x0000000008000fa0                RTC_Alarm_IRQHandler
                0x0000000008000fa0                EXTI2_IRQHandler
                0x0000000008000fa0                DebugMon_Handler
                0x0000000008000fa0                SPI4_IRQHandler
                0x0000000008000fa0                TIM1_CC_IRQHandler
                0x0000000008000fa0                DMA2_Stream5_IRQHandler
                0x0000000008000fa0                HardFault_Handler
                0x0000000008000fa0                DMA1_Stream5_IRQHandler
                0x0000000008000fa0                PVD_IRQHandler
                0x0000000008000fa0                SDIO_IRQHandler
                0x0000000008000fa0                TAMP_STAMP_IRQHandler
                0x0000000008000fa0                PendSV_Handler
                0x0000000008000fa0                NMI_Handler
                0x0000000008000fa0                EXTI3_IRQHandler
                0x0000000008000fa0                TIM1_UP_TIM10_IRQHandler
                0x0000000008000fa0                I2C3_ER_IRQHandler
                0x0000000008000fa0                EXTI0_IRQHandler
                0x0000000008000fa0                I2C2_EV_IRQHandler
                0x0000000008000fa0                DMA1_Stream2_IRQHandler
                0x0000000008000fa0                FPU_IRQHandler
                0x0000000008000fa0                UsageFault_Handler
                0x0000000008000fa0                DMA2_Stream2_IRQHandler
                0x0000000008000fa0                SPI1_IRQHandler
                0x0000000008000fa0                TIM1_BRK_TIM9_IRQHandler
                0x0000000008000fa0                DMA2_Stream3_IRQHandler
                0x0000000008000fa0                USART6_IRQHandler
                0x0000000008000fa0                DMA2_Stream0_IRQHandler
                0x0000000008000fa0                TIM4_IRQHandler
                0x0000000008000fa0                I2C1_EV_IRQHandler
                0x0000000008000fa0                DMA1_Stream6_IRQHandler
                0x0000000008000fa0                DMA1_Stream1_IRQHandler
                0x0000000008000fa0                TIM3_IRQHandler
                0x0000000008000fa0                RCC_IRQHandler
                0x0000000008000fa0                Default_Handler
                0x0000000008000fa0                EXTI15_10_IRQHandler
                0x0000000008000fa0                ADC_IRQHandler
                0x0000000008000fa0                DMA1_Stream7_IRQHandler
                0x0000000008000fa0                TIM5_IRQHandler
                0x0000000008000fa0                DMA2_Stream7_IRQHandler
                0x0000000008000fa0                I2C3_EV_IRQHandler
                0x0000000008000fa0                EXTI9_5_IRQHandler
                0x0000000008000fa0                RTC_WKUP_IRQHandler
                0x0000000008000fa0                SPI2_IRQHandler
                0x0000000008000fa0                MemManage_Handler
                0x0000000008000fa0                DMA1_Stream0_IRQHandler
                0x0000000008000fa0                SVC_Handler
                0x0000000008000fa0                WWDG_IRQHandler
                0x0000000008000fa0                TIM2_IRQHandler
                0x0000000008000fa0                OTG_FS_WKUP_IRQHandler
                0x0000000008000fa0                TIM1_TRG_COM_TIM11_IRQHandler
                0x0000000008000fa0                EXTI1_IRQHandler
                0x0000000008000fa0                USART2_IRQHandler
                0x0000000008000fa0                I2C2_ER_IRQHandler
                0x0000000008000fa0                DMA2_Stream1_IRQHandler
                0x0000000008000fa0                FLASH_IRQHandler
                0x0000000008000fa0                DMA2_Stream4_IRQHandler
                0x0000000008000fa0                BusFault_Handler
                0x0000000008000fa0                USART1_IRQHandler
                0x0000000008000fa0                OTG_FS_IRQHandler
                0x0000000008000fa0                SPI3_IRQHandler
                0x0000000008000fa0                DMA1_Stream4_IRQHandler
                0x0000000008000fa0                I2C1_ER_IRQHandler
                0x0000000008000fa0                DMA2_Stream6_IRQHandler
                0x0000000008000fa0                DMA1_Stream3_IRQHandler
 *fill*         0x0000000008000fa2        0x2 
 .text.fputc    0x0000000008000fa4       0x20 Application/User/main.o
                0x0000000008000fa4                fputc
 .text.HAL_GPIO_EXTI_Callback
                0x0000000008000fc4       0x14 Application/User/main.o
                0x0000000008000fc4                HAL_GPIO_EXTI_Callback
 .text.SystemClock_Config
                0x0000000008000fd8       0xac Application/User/main.o
                0x0000000008000fd8                SystemClock_Config
 .text.Multizones
                0x0000000008001084      0x154 Application/User/main.o
                0x0000000008001084                Multizones
 .text.startup.main
                0x00000000080011d8      0x1c0 Application/User/main.o
                0x00000000080011d8                main
 .text.HAL_MspInit
                0x0000000008001398       0x60 Application/User/stm32f4xx_hal_msp.o
                0x0000000008001398                HAL_MspInit
 .text.HAL_I2C_MspInit
                0x00000000080013f8       0x54 Application/User/stm32f4xx_hal_msp.o
                0x00000000080013f8                HAL_I2C_MspInit
 .text.HAL_UART_MspInit
                0x000000000800144c       0x4c Application/User/stm32f4xx_hal_msp.o
                0x000000000800144c                HAL_UART_MspInit
 .text.SysTick_Handler
                0x0000000008001498        0xe Application/User/stm32f4xx_it.o
                0x0000000008001498                SysTick_Handler
 .text.EXTI4_IRQHandler
                0x00000000080014a6        0x6 Application/User/stm32f4xx_it.o
                0x00000000080014a6                EXTI4_IRQHandler
 .text._write   0x00000000080014ac       0x1a Application/User/syscalls.o
                0x00000000080014ac                _write
 *fill*         0x00000000080014c6        0x2 
 .text._I2CWrite
                0x00000000080014c8       0x2c Application/User/vl53l1_platform.o
                0x00000000080014c8                _I2CWrite
 .text._I2CRead
                0x00000000080014f4       0x30 Application/User/vl53l1_platform.o
                0x00000000080014f4                _I2CRead
 .text.VL53L1_WriteMulti
                0x0000000008001524       0x40 Application/User/vl53l1_platform.o
                0x0000000008001524                VL53L1_WriteMulti
 .text.VL53L1_ReadMulti
                0x0000000008001564       0x30 Application/User/vl53l1_platform.o
                0x0000000008001564                VL53L1_ReadMulti
 .text.VL53L1_WrByte
                0x0000000008001594       0x24 Application/User/vl53l1_platform.o
                0x0000000008001594                VL53L1_WrByte
 .text.VL53L1_WrWord
                0x00000000080015b8       0x28 Application/User/vl53l1_platform.o
                0x00000000080015b8                VL53L1_WrWord
 .text.VL53L1_RdByte
                0x00000000080015e0       0x30 Application/User/vl53l1_platform.o
                0x00000000080015e0                VL53L1_RdByte
 .text.VL53L1_RdWord
                0x0000000008001610       0x3c Application/User/vl53l1_platform.o
                0x0000000008001610                VL53L1_RdWord
 .text.VL53L1_WaitUs
                0x000000000800164c       0x12 Application/User/vl53l1_platform.o
                0x000000000800164c                VL53L1_WaitUs
 *fill*         0x000000000800165e        0x2 
 .text.VL53L1_WaitValueMaskEx
                0x0000000008001660       0x7c Application/User/vl53l1_platform.o
                0x0000000008001660                VL53L1_WaitValueMaskEx
 .text.VL53L1_ipp_hist_process_data
                0x00000000080016dc       0x20 Application/User/vl53l1_platform_ipp.o
                0x00000000080016dc                VL53L1_ipp_hist_process_data
 .text._ExpanderRd
                0x00000000080016fc       0x3c Drivers/BSP/53L1A2/53L1A2.o
 .text._ExpanderWR
                0x0000000008001738       0x34 Drivers/BSP/53L1A2/53L1A2.o
 .text._ExpandersSetAllIO
                0x000000000800176c       0x2c Drivers/BSP/53L1A2/53L1A2.o
 .text.XNUCLEO53L1A1_I2C1Configure
                0x0000000008001798      0x184 Drivers/BSP/53L1A2/53L1A2.o
                0x0000000008001798                XNUCLEO53L1A1_I2C1Configure
 .text.XNUCLEO53L1A1_Init
                0x000000000800191c       0x8c Drivers/BSP/53L1A2/53L1A2.o
                0x000000000800191c                XNUCLEO53L1A1_Init
 .text.XNUCLEO53L1A1_ResetId
                0x00000000080019a8       0x74 Drivers/BSP/53L1A2/53L1A2.o
                0x00000000080019a8                XNUCLEO53L1A1_ResetId
 .text.SetPresetMode
                0x0000000008001a1c      0x124 Drivers/BSP/vl53l1/vl53l1_api.o
 .text.SetLimitValue
                0x0000000008001b40       0x24 Drivers/BSP/vl53l1/vl53l1_api.o
 .text.GenNewPresetMode
                0x0000000008001b64       0x40 Drivers/BSP/vl53l1/vl53l1_api.o
 .text.ComputeRQL.part.0
                0x0000000008001ba4       0x50 Drivers/BSP/vl53l1/vl53l1_api.o
 .text.VL53L1_WaitDeviceBooted
                0x0000000008001bf4        0x8 Drivers/BSP/vl53l1/vl53l1_api.o
                0x0000000008001bf4                VL53L1_WaitDeviceBooted
 .text.VL53L1_SetDistanceMode
                0x0000000008001bfc       0x6e Drivers/BSP/vl53l1/vl53l1_api.o
                0x0000000008001bfc                VL53L1_SetDistanceMode
 *fill*         0x0000000008001c6a        0x2 
 .text.VL53L1_SetMeasurementTimingBudgetMicroSeconds
                0x0000000008001c6c      0x128 Drivers/BSP/vl53l1/vl53l1_api.o
                0x0000000008001c6c                VL53L1_SetMeasurementTimingBudgetMicroSeconds
 .text.VL53L1_SetPresetMode
                0x0000000008001d94       0x4c Drivers/BSP/vl53l1/vl53l1_api.o
                0x0000000008001d94                VL53L1_SetPresetMode
 .text.VL53L1_GetMeasurementTimingBudgetMicroSeconds
                0x0000000008001de0       0xf2 Drivers/BSP/vl53l1/vl53l1_api.o
                0x0000000008001de0                VL53L1_GetMeasurementTimingBudgetMicroSeconds
 .text.VL53L1_GetInterMeasurementPeriodMilliSeconds
                0x0000000008001ed2       0x1e Drivers/BSP/vl53l1/vl53l1_api.o
                0x0000000008001ed2                VL53L1_GetInterMeasurementPeriodMilliSeconds
 .text.VL53L1_SetLimitCheckEnable
                0x0000000008001ef0       0x38 Drivers/BSP/vl53l1/vl53l1_api.o
                0x0000000008001ef0                VL53L1_SetLimitCheckEnable
 .text.VL53L1_DataInit
                0x0000000008001f28       0x46 Drivers/BSP/vl53l1/vl53l1_api.o
                0x0000000008001f28                VL53L1_DataInit
 .text.VL53L1_GetLimitCheckValue
                0x0000000008001f6e       0x60 Drivers/BSP/vl53l1/vl53l1_api.o
                0x0000000008001f6e                VL53L1_GetLimitCheckValue
 *fill*         0x0000000008001fce        0x2 
 .text.VL53L1_SetROI
                0x0000000008001fd0       0xd8 Drivers/BSP/vl53l1/vl53l1_api.o
                0x0000000008001fd0                VL53L1_SetROI
 .text.VL53L1_StartMeasurement
                0x00000000080020a8       0x98 Drivers/BSP/vl53l1/vl53l1_api.o
                0x00000000080020a8                VL53L1_StartMeasurement
 .text.VL53L1_ClearInterruptAndStartMeasurement
                0x0000000008002140        0x6 Drivers/BSP/vl53l1/vl53l1_api.o
                0x0000000008002140                VL53L1_ClearInterruptAndStartMeasurement
 .text.VL53L1_GetMeasurementDataReady
                0x0000000008002146        0x4 Drivers/BSP/vl53l1/vl53l1_api.o
                0x0000000008002146                VL53L1_GetMeasurementDataReady
 *fill*         0x000000000800214a        0x2 
 .text.VL53L1_GetMultiRangingData
                0x000000000800214c      0x57c Drivers/BSP/vl53l1/vl53l1_api.o
                0x000000000800214c                VL53L1_GetMultiRangingData
 .text.VL53L1_SmudgeCorrectionEnable
                0x00000000080026c8       0x64 Drivers/BSP/vl53l1/vl53l1_api.o
                0x00000000080026c8                VL53L1_SmudgeCorrectionEnable
 .text.VL53L1_StaticInit
                0x000000000800272c       0x34 Drivers/BSP/vl53l1/vl53l1_api.o
                0x000000000800272c                VL53L1_StaticInit
 .text.VL53L1_set_inter_measurement_period_ms
                0x0000000008002760       0x1a Drivers/BSP/vl53l1/vl53l1_api_core.o
                0x0000000008002760                VL53L1_set_inter_measurement_period_ms
 .text.VL53L1_get_inter_measurement_period_ms
                0x000000000800277a       0x1c Drivers/BSP/vl53l1/vl53l1_api_core.o
                0x000000000800277a                VL53L1_get_inter_measurement_period_ms
 .text.VL53L1_set_timeouts_us
                0x0000000008002796       0x30 Drivers/BSP/vl53l1/vl53l1_api_core.o
                0x0000000008002796                VL53L1_set_timeouts_us
 .text.VL53L1_get_timeouts_us
                0x00000000080027c6       0x6a Drivers/BSP/vl53l1/vl53l1_api_core.o
                0x00000000080027c6                VL53L1_get_timeouts_us
 .text.VL53L1_get_sequence_config_bit
                0x0000000008002830       0x28 Drivers/BSP/vl53l1/vl53l1_api_core.o
                0x0000000008002830                VL53L1_get_sequence_config_bit
 .text.VL53L1_set_user_zone
                0x0000000008002858       0x22 Drivers/BSP/vl53l1/vl53l1_api_core.o
                0x0000000008002858                VL53L1_set_user_zone
 .text.VL53L1_get_mode_mitigation_roi
                0x000000000800287a       0x40 Drivers/BSP/vl53l1/vl53l1_api_core.o
                0x000000000800287a                VL53L1_get_mode_mitigation_roi
 .text.VL53L1_read_p2p_data
                0x00000000080028ba      0x150 Drivers/BSP/vl53l1/vl53l1_api_core.o
                0x00000000080028ba                VL53L1_read_p2p_data
 .text.VL53L1_set_zone_config
                0x0000000008002a0a       0x38 Drivers/BSP/vl53l1/vl53l1_api_core.o
                0x0000000008002a0a                VL53L1_set_zone_config
 .text.VL53L1_get_zone_config
                0x0000000008002a42       0x14 Drivers/BSP/vl53l1/vl53l1_api_core.o
                0x0000000008002a42                VL53L1_get_zone_config
 .text.VL53L1_get_preset_mode_timing_cfg
                0x0000000008002a56       0xf0 Drivers/BSP/vl53l1/vl53l1_api_core.o
                0x0000000008002a56                VL53L1_get_preset_mode_timing_cfg
 .text.VL53L1_set_preset_mode
                0x0000000008002b46      0x438 Drivers/BSP/vl53l1/vl53l1_api_core.o
                0x0000000008002b46                VL53L1_set_preset_mode
 *fill*         0x0000000008002f7e        0x2 
 .text.VL53L1_data_init
                0x0000000008002f80      0x1a8 Drivers/BSP/vl53l1/vl53l1_api_core.o
                0x0000000008002f80                VL53L1_data_init
 .text.VL53L1_get_lite_sigma_threshold
                0x0000000008003128        0xa Drivers/BSP/vl53l1/vl53l1_api_core.o
                0x0000000008003128                VL53L1_get_lite_sigma_threshold
 .text.VL53L1_set_lite_sigma_threshold
                0x0000000008003132        0x8 Drivers/BSP/vl53l1/vl53l1_api_core.o
                0x0000000008003132                VL53L1_set_lite_sigma_threshold
 .text.VL53L1_get_lite_min_count_rate
                0x000000000800313a        0xa Drivers/BSP/vl53l1/vl53l1_api_core.o
                0x000000000800313a                VL53L1_get_lite_min_count_rate
 .text.VL53L1_set_lite_min_count_rate
                0x0000000008003144        0x8 Drivers/BSP/vl53l1/vl53l1_api_core.o
                0x0000000008003144                VL53L1_set_lite_min_count_rate
 .text.VL53L1_get_measurement_results
                0x000000000800314c       0x60 Drivers/BSP/vl53l1/vl53l1_api_core.o
                0x000000000800314c                VL53L1_get_measurement_results
 .text.VL53L1_copy_sys_and_core_results_to_range_results
                0x00000000080031ac      0x1ac Drivers/BSP/vl53l1/vl53l1_api_core.o
                0x00000000080031ac                VL53L1_copy_sys_and_core_results_to_range_results
 .text.VL53L1_set_zone_dss_config
                0x0000000008003358       0x20 Drivers/BSP/vl53l1/vl53l1_api_core.o
                0x0000000008003358                VL53L1_set_zone_dss_config
 .text.VL53L1_init_and_start_range
                0x0000000008003378      0x1f0 Drivers/BSP/vl53l1/vl53l1_api_core.o
                0x0000000008003378                VL53L1_init_and_start_range
 .text.VL53L1_clear_interrupt_and_enable_next_range
                0x0000000008003568        0x6 Drivers/BSP/vl53l1/vl53l1_api_core.o
                0x0000000008003568                VL53L1_clear_interrupt_and_enable_next_range
 .text.VL53L1_set_dmax_mode
                0x000000000800356e        0x6 Drivers/BSP/vl53l1/vl53l1_api_core.o
                0x000000000800356e                VL53L1_set_dmax_mode
 .text.VL53L1_get_dmax_calibration_data
                0x0000000008003574       0x56 Drivers/BSP/vl53l1/vl53l1_api_core.o
                0x0000000008003574                VL53L1_get_dmax_calibration_data
 .text.VL53L1_get_tuning_parm
                0x00000000080035ca      0x92a Drivers/BSP/vl53l1/vl53l1_api_core.o
                0x00000000080035ca                VL53L1_get_tuning_parm
 .text.VL53L1_load_patch
                0x0000000008003ef4       0xd8 Drivers/BSP/vl53l1/vl53l1_api_core.o
                0x0000000008003ef4                VL53L1_load_patch
 .text.VL53L1_get_histogram_bin_data
                0x0000000008003fcc      0x3a0 Drivers/BSP/vl53l1/vl53l1_api_core.o
                0x0000000008003fcc                VL53L1_get_histogram_bin_data
 .text.VL53L1_get_device_results
                0x000000000800436c      0x532 Drivers/BSP/vl53l1/vl53l1_api_core.o
                0x000000000800436c                VL53L1_get_device_results
 .text.VL53L1_dynamic_xtalk_correction_enable
                0x000000000800489e        0xc Drivers/BSP/vl53l1/vl53l1_api_core.o
                0x000000000800489e                VL53L1_dynamic_xtalk_correction_enable
 .text.VL53L1_dynamic_xtalk_correction_disable
                0x00000000080048aa        0xa Drivers/BSP/vl53l1/vl53l1_api_core.o
                0x00000000080048aa                VL53L1_dynamic_xtalk_correction_disable
 .text.VL53L1_dynamic_xtalk_correction_apply_enable
                0x00000000080048b4        0xc Drivers/BSP/vl53l1/vl53l1_api_core.o
                0x00000000080048b4                VL53L1_dynamic_xtalk_correction_apply_enable
 .text.VL53L1_dynamic_xtalk_correction_apply_disable
                0x00000000080048c0        0xc Drivers/BSP/vl53l1/vl53l1_api_core.o
                0x00000000080048c0                VL53L1_dynamic_xtalk_correction_apply_disable
 .text.VL53L1_dynamic_xtalk_correction_single_apply_enable
                0x00000000080048cc        0xc Drivers/BSP/vl53l1/vl53l1_api_core.o
                0x00000000080048cc                VL53L1_dynamic_xtalk_correction_single_apply_enable
 .text.VL53L1_dynamic_xtalk_correction_single_apply_disable
                0x00000000080048d8        0xc Drivers/BSP/vl53l1/vl53l1_api_core.o
                0x00000000080048d8                VL53L1_dynamic_xtalk_correction_single_apply_disable
 .text.VL53L1_init_refspadchar_config_struct
                0x00000000080048e4       0x20 Drivers/BSP/vl53l1/vl53l1_api_preset_modes.o
                0x00000000080048e4                VL53L1_init_refspadchar_config_struct
 .text.VL53L1_init_ssc_config_struct
                0x0000000008004904       0x18 Drivers/BSP/vl53l1/vl53l1_api_preset_modes.o
                0x0000000008004904                VL53L1_init_ssc_config_struct
 .text.VL53L1_init_xtalk_config_struct
                0x000000000800491c       0x58 Drivers/BSP/vl53l1/vl53l1_api_preset_modes.o
                0x000000000800491c                VL53L1_init_xtalk_config_struct
 .text.VL53L1_init_xtalk_extract_config_struct
                0x0000000008004974       0x34 Drivers/BSP/vl53l1/vl53l1_api_preset_modes.o
                0x0000000008004974                VL53L1_init_xtalk_extract_config_struct
 .text.VL53L1_init_offset_cal_config_struct
                0x00000000080049a8       0x22 Drivers/BSP/vl53l1/vl53l1_api_preset_modes.o
                0x00000000080049a8                VL53L1_init_offset_cal_config_struct
 *fill*         0x00000000080049ca        0x2 
 .text.VL53L1_init_zone_cal_config_struct
                0x00000000080049cc       0x24 Drivers/BSP/vl53l1/vl53l1_api_preset_modes.o
                0x00000000080049cc                VL53L1_init_zone_cal_config_struct
 .text.VL53L1_init_hist_post_process_config_struct
                0x00000000080049f0       0x68 Drivers/BSP/vl53l1/vl53l1_api_preset_modes.o
                0x00000000080049f0                VL53L1_init_hist_post_process_config_struct
 .text.VL53L1_init_tuning_parm_storage_struct
                0x0000000008004a58      0x174 Drivers/BSP/vl53l1/vl53l1_api_preset_modes.o
                0x0000000008004a58                VL53L1_init_tuning_parm_storage_struct
 .text.VL53L1_init_hist_gen3_dmax_config_struct
                0x0000000008004bcc       0x34 Drivers/BSP/vl53l1/vl53l1_api_preset_modes.o
                0x0000000008004bcc                VL53L1_init_hist_gen3_dmax_config_struct
 .text.VL53L1_preset_mode_standard_ranging
                0x0000000008004c00      0x160 Drivers/BSP/vl53l1/vl53l1_api_preset_modes.o
                0x0000000008004c00                VL53L1_preset_mode_standard_ranging
 .text.VL53L1_preset_mode_standard_ranging_short_range
                0x0000000008004d60       0x44 Drivers/BSP/vl53l1/vl53l1_api_preset_modes.o
                0x0000000008004d60                VL53L1_preset_mode_standard_ranging_short_range
 .text.VL53L1_preset_mode_standard_ranging_long_range
                0x0000000008004da4       0x44 Drivers/BSP/vl53l1/vl53l1_api_preset_modes.o
                0x0000000008004da4                VL53L1_preset_mode_standard_ranging_long_range
 .text.VL53L1_preset_mode_standard_ranging_mm1_cal
                0x0000000008004de8       0x26 Drivers/BSP/vl53l1/vl53l1_api_preset_modes.o
                0x0000000008004de8                VL53L1_preset_mode_standard_ranging_mm1_cal
 .text.VL53L1_preset_mode_standard_ranging_mm2_cal
                0x0000000008004e0e       0x26 Drivers/BSP/vl53l1/vl53l1_api_preset_modes.o
                0x0000000008004e0e                VL53L1_preset_mode_standard_ranging_mm2_cal
 .text.VL53L1_preset_mode_timed_ranging
                0x0000000008004e34       0x42 Drivers/BSP/vl53l1/vl53l1_api_preset_modes.o
                0x0000000008004e34                VL53L1_preset_mode_timed_ranging
 .text.VL53L1_preset_mode_timed_ranging_short_range
                0x0000000008004e76       0x44 Drivers/BSP/vl53l1/vl53l1_api_preset_modes.o
                0x0000000008004e76                VL53L1_preset_mode_timed_ranging_short_range
 .text.VL53L1_preset_mode_timed_ranging_long_range
                0x0000000008004eba       0x42 Drivers/BSP/vl53l1/vl53l1_api_preset_modes.o
                0x0000000008004eba                VL53L1_preset_mode_timed_ranging_long_range
 .text.VL53L1_preset_mode_low_power_auto_ranging
                0x0000000008004efc       0x32 Drivers/BSP/vl53l1/vl53l1_api_preset_modes.o
                0x0000000008004efc                VL53L1_preset_mode_low_power_auto_ranging
 .text.VL53L1_preset_mode_low_power_auto_short_ranging
                0x0000000008004f2e       0x32 Drivers/BSP/vl53l1/vl53l1_api_preset_modes.o
                0x0000000008004f2e                VL53L1_preset_mode_low_power_auto_short_ranging
 .text.VL53L1_preset_mode_low_power_auto_long_ranging
                0x0000000008004f60       0x32 Drivers/BSP/vl53l1/vl53l1_api_preset_modes.o
                0x0000000008004f60                VL53L1_preset_mode_low_power_auto_long_ranging
 .text.VL53L1_preset_mode_singleshot_ranging
                0x0000000008004f92       0x3c Drivers/BSP/vl53l1/vl53l1_api_preset_modes.o
                0x0000000008004f92                VL53L1_preset_mode_singleshot_ranging
 .text.VL53L1_preset_mode_olt
                0x0000000008004fce       0x22 Drivers/BSP/vl53l1/vl53l1_api_preset_modes.o
                0x0000000008004fce                VL53L1_preset_mode_olt
 .text.VL53L1_copy_hist_cfg_to_static_cfg
                0x0000000008004ff0       0x68 Drivers/BSP/vl53l1/vl53l1_api_preset_modes.o
                0x0000000008004ff0                VL53L1_copy_hist_cfg_to_static_cfg
 .text.VL53L1_preset_mode_histogram_ranging
                0x0000000008005058       0xdc Drivers/BSP/vl53l1/vl53l1_api_preset_modes.o
                0x0000000008005058                VL53L1_preset_mode_histogram_ranging
 .text.VL53L1_preset_mode_histogram_characterisation
                0x0000000008005134       0x32 Drivers/BSP/vl53l1/vl53l1_api_preset_modes.o
                0x0000000008005134                VL53L1_preset_mode_histogram_characterisation
 .text.VL53L1_preset_mode_histogram_ranging_with_mm1
                0x0000000008005166       0xa2 Drivers/BSP/vl53l1/vl53l1_api_preset_modes.o
                0x0000000008005166                VL53L1_preset_mode_histogram_ranging_with_mm1
 .text.VL53L1_preset_mode_histogram_ranging_with_mm2
                0x0000000008005208       0x26 Drivers/BSP/vl53l1/vl53l1_api_preset_modes.o
                0x0000000008005208                VL53L1_preset_mode_histogram_ranging_with_mm2
 .text.VL53L1_preset_mode_histogram_ranging_mm1_cal
                0x000000000800522e       0xa0 Drivers/BSP/vl53l1/vl53l1_api_preset_modes.o
                0x000000000800522e                VL53L1_preset_mode_histogram_ranging_mm1_cal
 .text.VL53L1_preset_mode_histogram_ranging_mm2_cal
                0x00000000080052ce       0x26 Drivers/BSP/vl53l1/vl53l1_api_preset_modes.o
                0x00000000080052ce                VL53L1_preset_mode_histogram_ranging_mm2_cal
 .text.VL53L1_preset_mode_histogram_ranging_short_timing
                0x00000000080052f4       0xc4 Drivers/BSP/vl53l1/vl53l1_api_preset_modes.o
                0x00000000080052f4                VL53L1_preset_mode_histogram_ranging_short_timing
 .text.VL53L1_preset_mode_histogram_long_range
                0x00000000080053b8       0xd8 Drivers/BSP/vl53l1/vl53l1_api_preset_modes.o
                0x00000000080053b8                VL53L1_preset_mode_histogram_long_range
 .text.VL53L1_preset_mode_histogram_long_range_mm1
                0x0000000008005490       0x9c Drivers/BSP/vl53l1/vl53l1_api_preset_modes.o
                0x0000000008005490                VL53L1_preset_mode_histogram_long_range_mm1
 .text.VL53L1_preset_mode_histogram_long_range_mm2
                0x000000000800552c       0x26 Drivers/BSP/vl53l1/vl53l1_api_preset_modes.o
                0x000000000800552c                VL53L1_preset_mode_histogram_long_range_mm2
 *fill*         0x0000000008005552        0x2 
 .text.VL53L1_preset_mode_histogram_medium_range
                0x0000000008005554       0xd0 Drivers/BSP/vl53l1/vl53l1_api_preset_modes.o
                0x0000000008005554                VL53L1_preset_mode_histogram_medium_range
 .text.VL53L1_preset_mode_histogram_medium_range_mm1
                0x0000000008005624       0xa2 Drivers/BSP/vl53l1/vl53l1_api_preset_modes.o
                0x0000000008005624                VL53L1_preset_mode_histogram_medium_range_mm1
 .text.VL53L1_preset_mode_histogram_medium_range_mm2
                0x00000000080056c6       0x26 Drivers/BSP/vl53l1/vl53l1_api_preset_modes.o
                0x00000000080056c6                VL53L1_preset_mode_histogram_medium_range_mm2
 .text.VL53L1_preset_mode_histogram_short_range
                0x00000000080056ec       0xd0 Drivers/BSP/vl53l1/vl53l1_api_preset_modes.o
                0x00000000080056ec                VL53L1_preset_mode_histogram_short_range
 .text.VL53L1_preset_mode_special_histogram_short_range
                0x00000000080057bc       0xb4 Drivers/BSP/vl53l1/vl53l1_api_preset_modes.o
                0x00000000080057bc                VL53L1_preset_mode_special_histogram_short_range
 .text.VL53L1_preset_mode_histogram_short_range_mm1
                0x0000000008005870       0x92 Drivers/BSP/vl53l1/vl53l1_api_preset_modes.o
                0x0000000008005870                VL53L1_preset_mode_histogram_short_range_mm1
 .text.VL53L1_preset_mode_histogram_short_range_mm2
                0x0000000008005902       0x26 Drivers/BSP/vl53l1/vl53l1_api_preset_modes.o
                0x0000000008005902                VL53L1_preset_mode_histogram_short_range_mm2
 .text.VL53L1_preset_mode_histogram_xtalk_mm1
                0x0000000008005928       0xd4 Drivers/BSP/vl53l1/vl53l1_api_preset_modes.o
                0x0000000008005928                VL53L1_preset_mode_histogram_xtalk_mm1
 .text.VL53L1_preset_mode_histogram_xtalk_mm2
                0x00000000080059fc       0x24 Drivers/BSP/vl53l1/vl53l1_api_preset_modes.o
                0x00000000080059fc                VL53L1_preset_mode_histogram_xtalk_mm2
 .text.VL53L1_preset_mode_histogram_multizone
                0x0000000008005a20       0x70 Drivers/BSP/vl53l1/vl53l1_api_preset_modes.o
                0x0000000008005a20                VL53L1_preset_mode_histogram_multizone
 .text.VL53L1_preset_mode_histogram_multizone_short_range
                0x0000000008005a90       0x70 Drivers/BSP/vl53l1/vl53l1_api_preset_modes.o
                0x0000000008005a90                VL53L1_preset_mode_histogram_multizone_short_range
 .text.VL53L1_preset_mode_histogram_multizone_long_range
                0x0000000008005b00       0x70 Drivers/BSP/vl53l1/vl53l1_api_preset_modes.o
                0x0000000008005b00                VL53L1_preset_mode_histogram_multizone_long_range
 .text.VL53L1_preset_mode_histogram_xtalk_planar
                0x0000000008005b70       0xce Drivers/BSP/vl53l1/vl53l1_api_preset_modes.o
                0x0000000008005b70                VL53L1_preset_mode_histogram_xtalk_planar
 .text.VL53L1_copy_hist_bins_to_static_cfg
                0x0000000008005c3e       0x56 Drivers/BSP/vl53l1/vl53l1_api_preset_modes.o
                0x0000000008005c3e                VL53L1_copy_hist_bins_to_static_cfg
 .text.VL53L1_preset_mode_histogram_ranging_ref
                0x0000000008005c94       0x46 Drivers/BSP/vl53l1/vl53l1_api_preset_modes.o
                0x0000000008005c94                VL53L1_preset_mode_histogram_ranging_ref
 .text.VL53L1_init_version
                0x0000000008005cda       0x14 Drivers/BSP/vl53l1/vl53l1_core.o
                0x0000000008005cda                VL53L1_init_version
 .text.VL53L1_init_ll_driver_state
                0x0000000008005cee       0x2e Drivers/BSP/vl53l1/vl53l1_core.o
                0x0000000008005cee                VL53L1_init_ll_driver_state
 .text.VL53L1_check_ll_driver_rd_state
                0x0000000008005d1c       0x9e Drivers/BSP/vl53l1/vl53l1_core.o
                0x0000000008005d1c                VL53L1_check_ll_driver_rd_state
 .text.VL53L1_copy_rtn_good_spads_to_buffer
                0x0000000008005dba       0xa2 Drivers/BSP/vl53l1/vl53l1_core.o
                0x0000000008005dba                VL53L1_copy_rtn_good_spads_to_buffer
 .text.VL53L1_init_system_results
                0x0000000008005e5c       0x34 Drivers/BSP/vl53l1/vl53l1_core.o
                0x0000000008005e5c                VL53L1_init_system_results
 .text.V53L1_init_zone_results_structure
                0x0000000008005e90       0x22 Drivers/BSP/vl53l1/vl53l1_core.o
                0x0000000008005e90                V53L1_init_zone_results_structure
 .text.VL53L1_init_histogram_config_structure
                0x0000000008005eb2       0x94 Drivers/BSP/vl53l1/vl53l1_core.o
                0x0000000008005eb2                VL53L1_init_histogram_config_structure
 .text.VL53L1_init_histogram_multizone_config_structure
                0x0000000008005f46       0x82 Drivers/BSP/vl53l1/vl53l1_core.o
                0x0000000008005f46                VL53L1_init_histogram_multizone_config_structure
 .text.VL53L1_init_xtalk_bin_data_struct
                0x0000000008005fc8       0x34 Drivers/BSP/vl53l1/vl53l1_core.o
                0x0000000008005fc8                VL53L1_init_xtalk_bin_data_struct
 .text.VL53L1_i2c_encode_uint16_t
                0x0000000008005ffc       0x10 Drivers/BSP/vl53l1/vl53l1_core.o
                0x0000000008005ffc                VL53L1_i2c_encode_uint16_t
 .text.VL53L1_i2c_decode_uint16_t
                0x000000000800600c       0x16 Drivers/BSP/vl53l1/vl53l1_core.o
                0x000000000800600c                VL53L1_i2c_decode_uint16_t
 .text.VL53L1_i2c_encode_int16_t
                0x0000000008006022       0x10 Drivers/BSP/vl53l1/vl53l1_core.o
                0x0000000008006022                VL53L1_i2c_encode_int16_t
 .text.VL53L1_i2c_decode_int16_t
                0x0000000008006032       0x1e Drivers/BSP/vl53l1/vl53l1_core.o
                0x0000000008006032                VL53L1_i2c_decode_int16_t
 .text.VL53L1_i2c_encode_uint32_t
                0x0000000008006050       0x10 Drivers/BSP/vl53l1/vl53l1_core.o
                0x0000000008006050                VL53L1_i2c_encode_uint32_t
 .text.VL53L1_i2c_decode_uint32_t
                0x0000000008006060       0x14 Drivers/BSP/vl53l1/vl53l1_core.o
                0x0000000008006060                VL53L1_i2c_decode_uint32_t
 .text.VL53L1_i2c_decode_int32_t
                0x0000000008006074       0x1a Drivers/BSP/vl53l1/vl53l1_core.o
                0x0000000008006074                VL53L1_i2c_decode_int32_t
 .text.VL53L1_set_firmware_enable_register
                0x000000000800608e        0xc Drivers/BSP/vl53l1/vl53l1_core.o
                0x000000000800608e                VL53L1_set_firmware_enable_register
 .text.VL53L1_enable_firmware
                0x000000000800609a        0x6 Drivers/BSP/vl53l1/vl53l1_core.o
                0x000000000800609a                VL53L1_enable_firmware
 .text.VL53L1_disable_firmware
                0x00000000080060a0        0x6 Drivers/BSP/vl53l1/vl53l1_core.o
                0x00000000080060a0                VL53L1_disable_firmware
 .text.VL53L1_set_powerforce_register
                0x00000000080060a6        0xc Drivers/BSP/vl53l1/vl53l1_core.o
                0x00000000080060a6                VL53L1_set_powerforce_register
 .text.VL53L1_enable_powerforce
                0x00000000080060b2        0x6 Drivers/BSP/vl53l1/vl53l1_core.o
                0x00000000080060b2                VL53L1_enable_powerforce
 .text.VL53L1_disable_powerforce
                0x00000000080060b8        0x6 Drivers/BSP/vl53l1/vl53l1_core.o
                0x00000000080060b8                VL53L1_disable_powerforce
 .text.VL53L1_calc_macro_period_us
                0x00000000080060be       0x20 Drivers/BSP/vl53l1/vl53l1_core.o
                0x00000000080060be                VL53L1_calc_macro_period_us
 *fill*         0x00000000080060de        0x2 
 .text.VL53L1_calc_range_ignore_threshold
                0x00000000080060e0       0x50 Drivers/BSP/vl53l1/vl53l1_core.o
                0x00000000080060e0                VL53L1_calc_range_ignore_threshold
 .text.VL53L1_calc_timeout_us
                0x0000000008006130       0x12 Drivers/BSP/vl53l1/vl53l1_core.o
                0x0000000008006130                VL53L1_calc_timeout_us
 .text.VL53L1_calc_crosstalk_plane_offset_with_margin
                0x0000000008006142        0x8 Drivers/BSP/vl53l1/vl53l1_core.o
                0x0000000008006142                VL53L1_calc_crosstalk_plane_offset_with_margin
 .text.VL53L1_encode_timeout
                0x000000000800614a       0x1e Drivers/BSP/vl53l1/vl53l1_core.o
                0x000000000800614a                VL53L1_encode_timeout
 .text.VL53L1_calc_encoded_timeout
                0x0000000008006168        0xe Drivers/BSP/vl53l1/vl53l1_core.o
                0x0000000008006168                VL53L1_calc_encoded_timeout
 .text.VL53L1_decode_timeout
                0x0000000008006176        0xc Drivers/BSP/vl53l1/vl53l1_core.o
                0x0000000008006176                VL53L1_decode_timeout
 .text.VL53L1_calc_decoded_timeout_us
                0x0000000008006182       0x18 Drivers/BSP/vl53l1/vl53l1_core.o
                0x0000000008006182                VL53L1_calc_decoded_timeout_us
 .text.VL53L1_calc_timeout_register_values
                0x000000000800619a       0x78 Drivers/BSP/vl53l1/vl53l1_core.o
                0x000000000800619a                VL53L1_calc_timeout_register_values
 .text.VL53L1_hist_copy_and_scale_ambient_info
                0x0000000008006212       0x8e Drivers/BSP/vl53l1/vl53l1_core.o
                0x0000000008006212                VL53L1_hist_copy_and_scale_ambient_info
 .text.VL53L1_hist_get_bin_sequence_config
                0x00000000080062a0      0x17e Drivers/BSP/vl53l1/vl53l1_core.o
                0x00000000080062a0                VL53L1_hist_get_bin_sequence_config
 .text.VL53L1_hist_events_consistency_check
                0x000000000800641e      0x178 Drivers/BSP/vl53l1/vl53l1_core.o
                0x000000000800641e                VL53L1_hist_events_consistency_check
 .text.VL53L1_hist_merged_pulse_check
                0x0000000008006596       0x32 Drivers/BSP/vl53l1/vl53l1_core.o
                0x0000000008006596                VL53L1_hist_merged_pulse_check
 .text.VL53L1_hist_phase_consistency_check
                0x00000000080065c8      0x10c Drivers/BSP/vl53l1/vl53l1_core.o
                0x00000000080065c8                VL53L1_hist_phase_consistency_check
 .text.VL53L1_hist_xmonitor_consistency_check
                0x00000000080066d4       0x58 Drivers/BSP/vl53l1/vl53l1_core.o
                0x00000000080066d4                VL53L1_hist_xmonitor_consistency_check
 .text.VL53L1_hist_wrap_dmax
                0x000000000800672c       0x28 Drivers/BSP/vl53l1/vl53l1_core.o
                0x000000000800672c                VL53L1_hist_wrap_dmax
 .text.VL53L1_encode_row_col
                0x0000000008006754       0x18 Drivers/BSP/vl53l1/vl53l1_core.o
                0x0000000008006754                VL53L1_encode_row_col
 .text.VL53L1_encode_zone_size
                0x000000000800676c        0x8 Drivers/BSP/vl53l1/vl53l1_core.o
                0x000000000800676c                VL53L1_encode_zone_size
 .text.VL53L1_decode_zone_limits
                0x0000000008006774       0x64 Drivers/BSP/vl53l1/vl53l1_core.o
                0x0000000008006774                VL53L1_decode_zone_limits
 .text.VL53L1_is_aperture_location
                0x00000000080067d8       0x20 Drivers/BSP/vl53l1/vl53l1_core.o
                0x00000000080067d8                VL53L1_is_aperture_location
 .text.VL53L1_calc_max_effective_spads
                0x00000000080067f8       0xa2 Drivers/BSP/vl53l1/vl53l1_core.o
                0x00000000080067f8                VL53L1_calc_max_effective_spads
 .text.VL53L1_calc_mm_effective_spads
                0x000000000800689a       0xfe Drivers/BSP/vl53l1/vl53l1_core.o
                0x000000000800689a                VL53L1_calc_mm_effective_spads
 .text.VL53L1_hist_combine_mm1_mm2_offsets
                0x0000000008006998       0xb0 Drivers/BSP/vl53l1/vl53l1_core.o
                0x0000000008006998                VL53L1_hist_combine_mm1_mm2_offsets
 .text.VL53L1_hist_copy_results_to_sys_and_core
                0x0000000008006a48       0x9e Drivers/BSP/vl53l1/vl53l1_core.o
                0x0000000008006a48                VL53L1_hist_copy_results_to_sys_and_core
 .text.VL53L1_save_cfg_data
                0x0000000008006ae6       0x34 Drivers/BSP/vl53l1/vl53l1_core.o
                0x0000000008006ae6                VL53L1_save_cfg_data
 .text.VL53L1_dynamic_zone_update
                0x0000000008006b1a       0x56 Drivers/BSP/vl53l1/vl53l1_core.o
                0x0000000008006b1a                VL53L1_dynamic_zone_update
 .text.VL53L1_multizone_hist_bins_update
                0x0000000008006b70       0x7a Drivers/BSP/vl53l1/vl53l1_core.o
                0x0000000008006b70                VL53L1_multizone_hist_bins_update
 .text.VL53L1_update_internal_stream_counters
                0x0000000008006bea       0x2e Drivers/BSP/vl53l1/vl53l1_core.o
                0x0000000008006bea                VL53L1_update_internal_stream_counters
 .text.VL53L1_update_ll_driver_rd_state
                0x0000000008006c18      0x110 Drivers/BSP/vl53l1/vl53l1_core.o
                0x0000000008006c18                VL53L1_update_ll_driver_rd_state
 .text.VL53L1_update_ll_driver_cfg_state
                0x0000000008006d28      0x16c Drivers/BSP/vl53l1/vl53l1_core.o
                0x0000000008006d28                VL53L1_update_ll_driver_cfg_state
 .text.VL53L1_set_histogram_multizone_initial_bin_config
                0x0000000008006e94       0x4a Drivers/BSP/vl53l1/vl53l1_core.o
                0x0000000008006e94                VL53L1_set_histogram_multizone_initial_bin_config
 .text.VL53L1_dynamic_xtalk_correction_calc_required_samples
                0x0000000008006ede       0x9a Drivers/BSP/vl53l1/vl53l1_core.o
                0x0000000008006ede                VL53L1_dynamic_xtalk_correction_calc_required_samples
 .text.VL53L1_dynamic_xtalk_correction_output_init
                0x0000000008006f78       0x16 Drivers/BSP/vl53l1/vl53l1_core.o
                0x0000000008006f78                VL53L1_dynamic_xtalk_correction_output_init
 *fill*         0x0000000008006f8e        0x2 
 .text.VL53L1_dynamic_xtalk_correction_data_init
                0x0000000008006f90       0xe0 Drivers/BSP/vl53l1/vl53l1_core.o
                0x0000000008006f90                VL53L1_dynamic_xtalk_correction_data_init
 .text.VL53L1_xtalk_cal_data_init
                0x0000000008007070       0x22 Drivers/BSP/vl53l1/vl53l1_core.o
                0x0000000008007070                VL53L1_xtalk_cal_data_init
 .text.VL53L1_low_power_auto_data_init
                0x0000000008007092       0x26 Drivers/BSP/vl53l1/vl53l1_core.o
                0x0000000008007092                VL53L1_low_power_auto_data_init
 .text.VL53L1_config_low_power_auto_mode
                0x00000000080070b8       0x1a Drivers/BSP/vl53l1/vl53l1_core.o
                0x00000000080070b8                VL53L1_config_low_power_auto_mode
 .text.VL53L1_low_power_auto_setup_manual_calibration
                0x00000000080070d2       0x48 Drivers/BSP/vl53l1/vl53l1_core.o
                0x00000000080070d2                VL53L1_low_power_auto_setup_manual_calibration
 .text.VL53L1_low_power_auto_update_DSS
                0x000000000800711a       0x58 Drivers/BSP/vl53l1/vl53l1_core.o
                0x000000000800711a                VL53L1_low_power_auto_update_DSS
 .text.VL53L1_compute_histo_merge_nb
                0x0000000008007172       0x38 Drivers/BSP/vl53l1/vl53l1_core.o
                0x0000000008007172                VL53L1_compute_histo_merge_nb
 .text.VL53L1_dynamic_xtalk_correction_calc_new_xtalk
                0x00000000080071aa      0x1e6 Drivers/BSP/vl53l1/vl53l1_core.o
                0x00000000080071aa                VL53L1_dynamic_xtalk_correction_calc_new_xtalk
 .text.VL53L1_dynamic_xtalk_correction_corrector
                0x0000000008007390      0x2c4 Drivers/BSP/vl53l1/vl53l1_core.o
                0x0000000008007390                VL53L1_dynamic_xtalk_correction_corrector
 .text.VL53L1_calc_pll_period_us
                0x0000000008007654        0xc Drivers/BSP/vl53l1/vl53l1_core_support.o
                0x0000000008007654                VL53L1_calc_pll_period_us
 .text.VL53L1_duration_maths
                0x0000000008007660       0x28 Drivers/BSP/vl53l1/vl53l1_core_support.o
                0x0000000008007660                VL53L1_duration_maths
 .text.VL53L1_events_per_spad_maths
                0x0000000008007688       0x3e Drivers/BSP/vl53l1/vl53l1_core_support.o
                0x0000000008007688                VL53L1_events_per_spad_maths
 .text.VL53L1_isqrt
                0x00000000080076c6       0x26 Drivers/BSP/vl53l1/vl53l1_core_support.o
                0x00000000080076c6                VL53L1_isqrt
 .text.VL53L1_hist_calc_zero_distance_phase
                0x00000000080076ec       0x30 Drivers/BSP/vl53l1/vl53l1_core_support.o
                0x00000000080076ec                VL53L1_hist_calc_zero_distance_phase
 .text.VL53L1_hist_remove_ambient_bins
                0x000000000800771c       0x78 Drivers/BSP/vl53l1/vl53l1_core_support.o
                0x000000000800771c                VL53L1_hist_remove_ambient_bins
 .text.VL53L1_calc_pll_period_mm
                0x0000000008007794       0x1a Drivers/BSP/vl53l1/vl53l1_core_support.o
                0x0000000008007794                VL53L1_calc_pll_period_mm
 .text.VL53L1_rate_maths
                0x00000000080077ae       0x42 Drivers/BSP/vl53l1/vl53l1_core_support.o
                0x00000000080077ae                VL53L1_rate_maths
 .text.VL53L1_rate_per_spad_maths
                0x00000000080077f0       0x22 Drivers/BSP/vl53l1/vl53l1_core_support.o
                0x00000000080077f0                VL53L1_rate_per_spad_maths
 *fill*         0x0000000008007812        0x2 
 .text.VL53L1_range_maths
                0x0000000008007814       0xb4 Drivers/BSP/vl53l1/vl53l1_core_support.o
                0x0000000008007814                VL53L1_range_maths
 .text.VL53L1_decode_vcsel_period
                0x00000000080078c8        0xa Drivers/BSP/vl53l1/vl53l1_core_support.o
                0x00000000080078c8                VL53L1_decode_vcsel_period
 .text.VL53L1_copy_xtalk_bin_data_to_histogram_data_struct
                0x00000000080078d2       0x40 Drivers/BSP/vl53l1/vl53l1_core_support.o
                0x00000000080078d2                VL53L1_copy_xtalk_bin_data_to_histogram_data_struct
 *fill*         0x0000000008007912        0x2 
 .text.VL53L1_init_histogram_bin_data_struct
                0x0000000008007914       0x70 Drivers/BSP/vl53l1/vl53l1_core_support.o
                0x0000000008007914                VL53L1_init_histogram_bin_data_struct
 .text.VL53L1_decode_row_col
                0x0000000008007984       0x26 Drivers/BSP/vl53l1/vl53l1_core_support.o
                0x0000000008007984                VL53L1_decode_row_col
 .text.VL53L1_hist_find_min_max_bin_values
                0x00000000080079aa       0x40 Drivers/BSP/vl53l1/vl53l1_core_support.o
                0x00000000080079aa                VL53L1_hist_find_min_max_bin_values
 .text.VL53L1_hist_estimate_ambient_from_thresholded_bins
                0x00000000080079ea       0x68 Drivers/BSP/vl53l1/vl53l1_core_support.o
                0x00000000080079ea                VL53L1_hist_estimate_ambient_from_thresholded_bins
 .text.VL53L1_hist_estimate_ambient_from_ambient_bins
                0x0000000008007a52       0x3a Drivers/BSP/vl53l1/vl53l1_core_support.o
                0x0000000008007a52                VL53L1_hist_estimate_ambient_from_ambient_bins
 .text.VL53L1_f_002
                0x0000000008007a8c       0x28 Drivers/BSP/vl53l1/vl53l1_dmax.o
                0x0000000008007a8c                VL53L1_f_002
 .text.VL53L1_f_001
                0x0000000008007ab4      0x232 Drivers/BSP/vl53l1/vl53l1_dmax.o
                0x0000000008007ab4                VL53L1_f_001
 .text.VL53L1_f_016
                0x0000000008007ce6       0x7e Drivers/BSP/vl53l1/vl53l1_hist_algos_gen3.o
                0x0000000008007ce6                VL53L1_f_016
 .text.VL53L1_f_018
                0x0000000008007d64      0x116 Drivers/BSP/vl53l1/vl53l1_hist_algos_gen3.o
                0x0000000008007d64                VL53L1_f_018
 .text.VL53L1_f_019
                0x0000000008007e7a       0x50 Drivers/BSP/vl53l1/vl53l1_hist_algos_gen3.o
                0x0000000008007e7a                VL53L1_f_019
 .text.VL53L1_f_020
                0x0000000008007eca       0x74 Drivers/BSP/vl53l1/vl53l1_hist_algos_gen3.o
                0x0000000008007eca                VL53L1_f_020
 .text.VL53L1_f_021
                0x0000000008007f3e       0xbe Drivers/BSP/vl53l1/vl53l1_hist_algos_gen3.o
                0x0000000008007f3e                VL53L1_f_021
 .text.VL53L1_f_028
                0x0000000008007ffc      0x124 Drivers/BSP/vl53l1/vl53l1_hist_algos_gen3.o
                0x0000000008007ffc                VL53L1_f_028
 .text.VL53L1_f_022
                0x0000000008008120       0x56 Drivers/BSP/vl53l1/vl53l1_hist_algos_gen3.o
                0x0000000008008120                VL53L1_f_022
 .text.VL53L1_f_030
                0x0000000008008176       0xe0 Drivers/BSP/vl53l1/vl53l1_hist_algos_gen3.o
                0x0000000008008176                VL53L1_f_030
 .text.VL53L1_f_027
                0x0000000008008256       0xbe Drivers/BSP/vl53l1/vl53l1_hist_algos_gen3.o
                0x0000000008008256                VL53L1_f_027
 .text.VL53L1_f_023
                0x0000000008008314       0x5a Drivers/BSP/vl53l1/vl53l1_hist_algos_gen3.o
                0x0000000008008314                VL53L1_f_023
 .text.VL53L1_f_026
                0x000000000800836e       0xb2 Drivers/BSP/vl53l1/vl53l1_hist_algos_gen3.o
                0x000000000800836e                VL53L1_f_026
 .text.VL53L1_f_029
                0x0000000008008420       0x92 Drivers/BSP/vl53l1/vl53l1_hist_algos_gen3.o
                0x0000000008008420                VL53L1_f_029
 .text.VL53L1_f_034
                0x00000000080084b2       0x9a Drivers/BSP/vl53l1/vl53l1_hist_algos_gen4.o
                0x00000000080084b2                VL53L1_f_034
 .text.VL53L1_f_036
                0x000000000800854c       0xf2 Drivers/BSP/vl53l1/vl53l1_hist_algos_gen4.o
                0x000000000800854c                VL53L1_f_036
 .text.VL53L1_f_035
                0x000000000800863e       0xc4 Drivers/BSP/vl53l1/vl53l1_hist_algos_gen4.o
                0x000000000800863e                VL53L1_f_035
 .text.VL53L1_f_033
                0x0000000008008702      0x284 Drivers/BSP/vl53l1/vl53l1_hist_algos_gen4.o
                0x0000000008008702                VL53L1_f_033
 .text.VL53L1_f_013
                0x0000000008008986       0x62 Drivers/BSP/vl53l1/vl53l1_hist_core.o
                0x0000000008008986                VL53L1_f_013
 .text.VL53L1_f_011
                0x00000000080089e8       0x90 Drivers/BSP/vl53l1/vl53l1_hist_core.o
                0x00000000080089e8                VL53L1_f_011
 .text.VL53L1_f_012
                0x0000000008008a78       0x4c Drivers/BSP/vl53l1/vl53l1_hist_core.o
                0x0000000008008a78                VL53L1_f_012
 .text.VL53L1_f_038
                0x0000000008008ac4       0x40 Drivers/BSP/vl53l1/vl53l1_hist_core.o
                0x0000000008008ac4                VL53L1_f_038
 .text.VL53L1_f_004
                0x0000000008008b04       0xa2 Drivers/BSP/vl53l1/vl53l1_hist_core.o
                0x0000000008008b04                VL53L1_f_004
 .text.VL53L1_f_039
                0x0000000008008ba6      0x128 Drivers/BSP/vl53l1/vl53l1_hist_core.o
                0x0000000008008ba6                VL53L1_f_039
 .text.VL53L1_hist_process_data
                0x0000000008008cce      0x186 Drivers/BSP/vl53l1/vl53l1_hist_funcs.o
                0x0000000008008cce                VL53L1_hist_process_data
 .text.VL53L1_nvm_enable
                0x0000000008008e54       0x66 Drivers/BSP/vl53l1/vl53l1_nvm.o
                0x0000000008008e54                VL53L1_nvm_enable
 .text.VL53L1_nvm_read
                0x0000000008008eba       0x5e Drivers/BSP/vl53l1/vl53l1_nvm.o
                0x0000000008008eba                VL53L1_nvm_read
 .text.VL53L1_nvm_disable
                0x0000000008008f18       0x32 Drivers/BSP/vl53l1/vl53l1_nvm.o
                0x0000000008008f18                VL53L1_nvm_disable
 .text.VL53L1_nvm_decode_cal_peak_rate_map
                0x0000000008008f4a       0x4a Drivers/BSP/vl53l1/vl53l1_nvm.o
                0x0000000008008f4a                VL53L1_nvm_decode_cal_peak_rate_map
 .text.VL53L1_nvm_decode_additional_offset_cal_data
                0x0000000008008f94       0x3a Drivers/BSP/vl53l1/vl53l1_nvm.o
                0x0000000008008f94                VL53L1_nvm_decode_additional_offset_cal_data
 .text.VL53L1_nvm_decode_fmt_range_results_data
                0x0000000008008fce       0x68 Drivers/BSP/vl53l1/vl53l1_nvm.o
                0x0000000008008fce                VL53L1_nvm_decode_fmt_range_results_data
 .text.VL53L1_read_nvm_raw_data
                0x0000000008009036       0x32 Drivers/BSP/vl53l1/vl53l1_nvm.o
                0x0000000008009036                VL53L1_read_nvm_raw_data
 .text.VL53L1_read_nvm_optical_centre
                0x0000000008009068       0x2e Drivers/BSP/vl53l1/vl53l1_nvm.o
                0x0000000008009068                VL53L1_read_nvm_optical_centre
 .text.VL53L1_read_nvm_cal_peak_rate_map
                0x0000000008009096       0x20 Drivers/BSP/vl53l1/vl53l1_nvm.o
                0x0000000008009096                VL53L1_read_nvm_cal_peak_rate_map
 .text.VL53L1_read_nvm_additional_offset_cal_data
                0x00000000080090b6       0x1e Drivers/BSP/vl53l1/vl53l1_nvm.o
                0x00000000080090b6                VL53L1_read_nvm_additional_offset_cal_data
 .text.VL53L1_read_nvm_fmt_range_results_data
                0x00000000080090d4       0x20 Drivers/BSP/vl53l1/vl53l1_nvm.o
                0x00000000080090d4                VL53L1_read_nvm_fmt_range_results_data
 .text.VL53L1_i2c_encode_static_nvm_managed
                0x00000000080090f4       0x5a Drivers/BSP/vl53l1/vl53l1_register_funcs.o
                0x00000000080090f4                VL53L1_i2c_encode_static_nvm_managed
 .text.VL53L1_i2c_decode_static_nvm_managed
                0x000000000800914e       0x5a Drivers/BSP/vl53l1/vl53l1_register_funcs.o
                0x000000000800914e                VL53L1_i2c_decode_static_nvm_managed
 .text.VL53L1_get_static_nvm_managed
                0x00000000080091a8       0x1e Drivers/BSP/vl53l1/vl53l1_register_funcs.o
                0x00000000080091a8                VL53L1_get_static_nvm_managed
 .text.VL53L1_i2c_encode_customer_nvm_managed
                0x00000000080091c6       0xa2 Drivers/BSP/vl53l1/vl53l1_register_funcs.o
                0x00000000080091c6                VL53L1_i2c_encode_customer_nvm_managed
 .text.VL53L1_i2c_decode_customer_nvm_managed
                0x0000000008009268       0x9a Drivers/BSP/vl53l1/vl53l1_register_funcs.o
                0x0000000008009268                VL53L1_i2c_decode_customer_nvm_managed
 .text.VL53L1_get_customer_nvm_managed
                0x0000000008009302       0x20 Drivers/BSP/vl53l1/vl53l1_register_funcs.o
                0x0000000008009302                VL53L1_get_customer_nvm_managed
 .text.VL53L1_i2c_encode_static_config
                0x0000000008009322       0xdc Drivers/BSP/vl53l1/vl53l1_register_funcs.o
                0x0000000008009322                VL53L1_i2c_encode_static_config
 .text.VL53L1_i2c_encode_general_config
                0x00000000080093fe       0x8a Drivers/BSP/vl53l1/vl53l1_register_funcs.o
                0x00000000080093fe                VL53L1_i2c_encode_general_config
 .text.VL53L1_i2c_encode_timing_config
                0x0000000008009488       0x86 Drivers/BSP/vl53l1/vl53l1_register_funcs.o
                0x0000000008009488                VL53L1_i2c_encode_timing_config
 .text.VL53L1_i2c_encode_dynamic_config
                0x000000000800950e       0x84 Drivers/BSP/vl53l1/vl53l1_register_funcs.o
                0x000000000800950e                VL53L1_i2c_encode_dynamic_config
 .text.VL53L1_i2c_encode_system_control
                0x0000000008009592       0x32 Drivers/BSP/vl53l1/vl53l1_register_funcs.o
                0x0000000008009592                VL53L1_i2c_encode_system_control
 .text.VL53L1_i2c_decode_system_results
                0x00000000080095c4      0x11e Drivers/BSP/vl53l1/vl53l1_register_funcs.o
                0x00000000080095c4                VL53L1_i2c_decode_system_results
 .text.VL53L1_i2c_decode_core_results
                0x00000000080096e2       0x76 Drivers/BSP/vl53l1/vl53l1_register_funcs.o
                0x00000000080096e2                VL53L1_i2c_decode_core_results
 .text.VL53L1_i2c_decode_debug_results
                0x0000000008009758      0x1b2 Drivers/BSP/vl53l1/vl53l1_register_funcs.o
                0x0000000008009758                VL53L1_i2c_decode_debug_results
 .text.VL53L1_i2c_decode_nvm_copy_data
                0x000000000800990a      0x14a Drivers/BSP/vl53l1/vl53l1_register_funcs.o
                0x000000000800990a                VL53L1_i2c_decode_nvm_copy_data
 .text.VL53L1_get_nvm_copy_data
                0x0000000008009a54       0x22 Drivers/BSP/vl53l1/vl53l1_register_funcs.o
                0x0000000008009a54                VL53L1_get_nvm_copy_data
 .text.VL53L1_f_014
                0x0000000008009a76      0x222 Drivers/BSP/vl53l1/vl53l1_sigma_estimate.o
                0x0000000008009a76                VL53L1_f_014
 .text.VL53L1_is_new_data_ready
                0x0000000008009c98       0x34 Drivers/BSP/vl53l1/vl53l1_wait.o
                0x0000000008009c98                VL53L1_is_new_data_ready
 .text.VL53L1_poll_for_boot_completion
                0x0000000008009ccc       0x34 Drivers/BSP/vl53l1/vl53l1_wait.o
                0x0000000008009ccc                VL53L1_poll_for_boot_completion
 .text.VL53L1_f_040
                0x0000000008009d00      0x152 Drivers/BSP/vl53l1/vl53l1_xtalk.o
                0x0000000008009d00                VL53L1_f_040
 .text.VL53L1_f_041
                0x0000000008009e52       0xa0 Drivers/BSP/vl53l1/vl53l1_xtalk.o
                0x0000000008009e52                VL53L1_f_041
 .text.VL53L1_init_zone_config_histogram_bins
                0x0000000008009ef2       0x1c Drivers/BSP/vl53l1/vl53l1_zone_presets.o
                0x0000000008009ef2                VL53L1_init_zone_config_histogram_bins
 .text.VL53L1_init_zone_config_structure
                0x0000000008009f0e       0x78 Drivers/BSP/vl53l1/vl53l1_zone_presets.o
                0x0000000008009f0e                VL53L1_init_zone_config_structure
 .text.VL53L1_zone_preset_xtalk_planar
                0x0000000008009f86       0x42 Drivers/BSP/vl53l1/vl53l1_zone_presets.o
                0x0000000008009f86                VL53L1_zone_preset_xtalk_planar
 .text.SystemInit
                0x0000000008009fc8       0x1c Drivers/CMSIS/system_stm32f4xx.o
                0x0000000008009fc8                SystemInit
 .text.HAL_InitTick
                0x0000000008009fe4       0x44 Drivers/STM32F4xx_HAL_Driver/stm32f4xx_hal.o
                0x0000000008009fe4                HAL_InitTick
 .text.HAL_Init
                0x000000000800a028       0x34 Drivers/STM32F4xx_HAL_Driver/stm32f4xx_hal.o
                0x000000000800a028                HAL_Init
 .text.HAL_IncTick
                0x000000000800a05c       0x18 Drivers/STM32F4xx_HAL_Driver/stm32f4xx_hal.o
                0x000000000800a05c                HAL_IncTick
 .text.HAL_GetTick
                0x000000000800a074        0xc Drivers/STM32F4xx_HAL_Driver/stm32f4xx_hal.o
                0x000000000800a074                HAL_GetTick
 .text.HAL_Delay
                0x000000000800a080       0x28 Drivers/STM32F4xx_HAL_Driver/stm32f4xx_hal.o
                0x000000000800a080                HAL_Delay
 .text.HAL_NVIC_SetPriorityGrouping
                0x000000000800a0a8       0x24 Drivers/STM32F4xx_HAL_Driver/stm32f4xx_hal_cortex.o
                0x000000000800a0a8                HAL_NVIC_SetPriorityGrouping
 .text.HAL_NVIC_SetPriority
                0x000000000800a0cc       0x64 Drivers/STM32F4xx_HAL_Driver/stm32f4xx_hal_cortex.o
                0x000000000800a0cc                HAL_NVIC_SetPriority
 .text.HAL_NVIC_EnableIRQ
                0x000000000800a130       0x1c Drivers/STM32F4xx_HAL_Driver/stm32f4xx_hal_cortex.o
                0x000000000800a130                HAL_NVIC_EnableIRQ
 .text.HAL_SYSTICK_Config
                0x000000000800a14c       0x2c Drivers/STM32F4xx_HAL_Driver/stm32f4xx_hal_cortex.o
                0x000000000800a14c                HAL_SYSTICK_Config
 .text.HAL_SYSTICK_CLKSourceConfig
                0x000000000800a178       0x18 Drivers/STM32F4xx_HAL_Driver/stm32f4xx_hal_cortex.o
                0x000000000800a178                HAL_SYSTICK_CLKSourceConfig
 .text.HAL_SYSTICK_Callback
                0x000000000800a190        0x2 Drivers/STM32F4xx_HAL_Driver/stm32f4xx_hal_cortex.o
                0x000000000800a190                HAL_SYSTICK_Callback
 .text.HAL_SYSTICK_IRQHandler
                0x000000000800a192        0x8 Drivers/STM32F4xx_HAL_Driver/stm32f4xx_hal_cortex.o
                0x000000000800a192                HAL_SYSTICK_IRQHandler
 *fill*         0x000000000800a19a        0x2 
 .text.HAL_GPIO_Init
                0x000000000800a19c      0x198 Drivers/STM32F4xx_HAL_Driver/stm32f4xx_hal_gpio.o
                0x000000000800a19c                HAL_GPIO_Init
 .text.HAL_GPIO_ReadPin
                0x000000000800a334        0xc Drivers/STM32F4xx_HAL_Driver/stm32f4xx_hal_gpio.o
                0x000000000800a334                HAL_GPIO_ReadPin
 .text.HAL_GPIO_WritePin
                0x000000000800a340        0xa Drivers/STM32F4xx_HAL_Driver/stm32f4xx_hal_gpio.o
                0x000000000800a340                HAL_GPIO_WritePin
 *fill*         0x000000000800a34a        0x2 
 .text.HAL_GPIO_EXTI_IRQHandler
                0x000000000800a34c       0x18 Drivers/STM32F4xx_HAL_Driver/stm32f4xx_hal_gpio.o
                0x000000000800a34c                HAL_GPIO_EXTI_IRQHandler
 .text.I2C_IsAcknowledgeFailed
                0x000000000800a364       0x34 Drivers/STM32F4xx_HAL_Driver/stm32f4xx_hal_i2c.o
 .text.I2C_WaitOnMasterAddressFlagUntilTimeout
                0x000000000800a398       0x76 Drivers/STM32F4xx_HAL_Driver/stm32f4xx_hal_i2c.o
 .text.I2C_WaitOnBTFFlagUntilTimeout
                0x000000000800a40e       0x4c Drivers/STM32F4xx_HAL_Driver/stm32f4xx_hal_i2c.o
 .text.I2C_WaitOnRXNEFlagUntilTimeout
                0x000000000800a45a       0x5e Drivers/STM32F4xx_HAL_Driver/stm32f4xx_hal_i2c.o
 .text.I2C_WaitOnFlagUntilTimeout
                0x000000000800a4b8       0x64 Drivers/STM32F4xx_HAL_Driver/stm32f4xx_hal_i2c.o
 .text.I2C_WaitOnTXEFlagUntilTimeout
                0x000000000800a51c       0x4c Drivers/STM32F4xx_HAL_Driver/stm32f4xx_hal_i2c.o
 .text.HAL_I2C_Init
                0x000000000800a568      0x150 Drivers/STM32F4xx_HAL_Driver/stm32f4xx_hal_i2c.o
                0x000000000800a568                HAL_I2C_Init
 .text.HAL_I2C_Master_Transmit
                0x000000000800a6b8      0x1b0 Drivers/STM32F4xx_HAL_Driver/stm32f4xx_hal_i2c.o
                0x000000000800a6b8                HAL_I2C_Master_Transmit
 .text.HAL_I2C_Master_Receive
                0x000000000800a868      0x2e0 Drivers/STM32F4xx_HAL_Driver/stm32f4xx_hal_i2c.o
                0x000000000800a868                HAL_I2C_Master_Receive
 .text.HAL_RCC_OscConfig
                0x000000000800ab48      0x350 Drivers/STM32F4xx_HAL_Driver/stm32f4xx_hal_rcc.o
                0x000000000800ab48                HAL_RCC_OscConfig
 .text.HAL_RCC_GetSysClockFreq
                0x000000000800ae98       0x5c Drivers/STM32F4xx_HAL_Driver/stm32f4xx_hal_rcc.o
                0x000000000800ae98                HAL_RCC_GetSysClockFreq
 .text.HAL_RCC_ClockConfig
                0x000000000800aef4      0x138 Drivers/STM32F4xx_HAL_Driver/stm32f4xx_hal_rcc.o
                0x000000000800aef4                HAL_RCC_ClockConfig
 .text.HAL_RCC_GetHCLKFreq
                0x000000000800b02c        0xc Drivers/STM32F4xx_HAL_Driver/stm32f4xx_hal_rcc.o
                0x000000000800b02c                HAL_RCC_GetHCLKFreq
 .text.HAL_RCC_GetPCLK1Freq
                0x000000000800b038       0x20 Drivers/STM32F4xx_HAL_Driver/stm32f4xx_hal_rcc.o
                0x000000000800b038                HAL_RCC_GetPCLK1Freq
 .text.HAL_RCC_GetPCLK2Freq
                0x000000000800b058       0x20 Drivers/STM32F4xx_HAL_Driver/stm32f4xx_hal_rcc.o
                0x000000000800b058                HAL_RCC_GetPCLK2Freq
 .text.UART_SetConfig
                0x000000000800b078       0xdc Drivers/STM32F4xx_HAL_Driver/stm32f4xx_hal_uart.o
 .text.UART_WaitOnFlagUntilTimeout.constprop.0
                0x000000000800b154       0x50 Drivers/STM32F4xx_HAL_Driver/stm32f4xx_hal_uart.o
 .text.HAL_UART_Init
                0x000000000800b1a4       0x5c Drivers/STM32F4xx_HAL_Driver/stm32f4xx_hal_uart.o
                0x000000000800b1a4                HAL_UART_Init
 .text.HAL_UART_Transmit
                0x000000000800b200       0xb8 Drivers/STM32F4xx_HAL_Driver/stm32f4xx_hal_uart.o
                0x000000000800b200                HAL_UART_Transmit
 .text.__libc_init_array
                0x000000000800b2b8       0x48 c:/st/stm32cubeide_1.6.1/stm32cubeide/plugins/com.st.stm32cube.ide.mcu.externaltools.gnu-tools-for-stm32.9-2020-q2-update.win32_1.5.0.202011040924/tools/bin/../lib/gcc/arm-none-eabi/9.3.1/../../../../arm-none-eabi/lib/thumb/v7e-m+fp/hard\libc_nano.a(lib_a-init.o)
                0x000000000800b2b8                __libc_init_array
 .text.memcpy   0x000000000800b300       0x1c c:/st/stm32cubeide_1.6.1/stm32cubeide/plugins/com.st.stm32cube.ide.mcu.externaltools.gnu-tools-for-stm32.9-2020-q2-update.win32_1.5.0.202011040924/tools/bin/../lib/gcc/arm-none-eabi/9.3.1/../../../../arm-none-eabi/lib/thumb/v7e-m+fp/hard\libc_nano.a(lib_a-memcpy-stub.o)
                0x000000000800b300                memcpy
 .text.memset   0x000000000800b31c       0x10 c:/st/stm32cubeide_1.6.1/stm32cubeide/plugins/com.st.stm32cube.ide.mcu.externaltools.gnu-tools-for-stm32.9-2020-q2-update.win32_1.5.0.202011040924/tools/bin/../lib/gcc/arm-none-eabi/9.3.1/../../../../arm-none-eabi/lib/thumb/v7e-m+fp/hard\libc_nano.a(lib_a-memset.o)
                0x000000000800b31c                memset
 .text.__cvt    0x000000000800b32c       0xc4 c:/st/stm32cubeide_1.6.1/stm32cubeide/plugins/com.st.stm32cube.ide.mcu.externaltools.gnu-tools-for-stm32.9-2020-q2-update.win32_1.5.0.202011040924/tools/bin/../lib/gcc/arm-none-eabi/9.3.1/../../../../arm-none-eabi/lib/thumb/v7e-m+fp/hard\libc_nano.a(lib_a-nano-vfprintf_float.o)
                0x000000000800b32c                __cvt
 .text.__exponent
                0x000000000800b3f0       0x7c c:/st/stm32cubeide_1.6.1/stm32cubeide/plugins/com.st.stm32cube.ide.mcu.externaltools.gnu-tools-for-stm32.9-2020-q2-update.win32_1.5.0.202011040924/tools/bin/../lib/gcc/arm-none-eabi/9.3.1/../../../../arm-none-eabi/lib/thumb/v7e-m+fp/hard\libc_nano.a(lib_a-nano-vfprintf_float.o)
                0x000000000800b3f0                __exponent
 .text._printf_float
                0x000000000800b46c      0x46c c:/st/stm32cubeide_1.6.1/stm32cubeide/plugins/com.st.stm32cube.ide.mcu.externaltools.gnu-tools-for-stm32.9-2020-q2-update.win32_1.5.0.202011040924/tools/bin/../lib/gcc/arm-none-eabi/9.3.1/../../../../arm-none-eabi/lib/thumb/v7e-m+fp/hard\libc_nano.a(lib_a-nano-vfprintf_float.o)
                0x000000000800b46c                _printf_float
 .text._printf_common
                0x000000000800b8d8       0xda c:/st/stm32cubeide_1.6.1/stm32cubeide/plugins/com.st.stm32cube.ide.mcu.externaltools.gnu-tools-for-stm32.9-2020-q2-update.win32_1.5.0.202011040924/tools/bin/../lib/gcc/arm-none-eabi/9.3.1/../../../../arm-none-eabi/lib/thumb/v7e-m+fp/hard\libc_nano.a(lib_a-nano-vfprintf_i.o)
                0x000000000800b8d8                _printf_common
 *fill*         0x000000000800b9b2        0x2 
 .text._printf_i
                0x000000000800b9b4      0x24c c:/st/stm32cubeide_1.6.1/stm32cubeide/plugins/com.st.stm32cube.ide.mcu.externaltools.gnu-tools-for-stm32.9-2020-q2-update.win32_1.5.0.202011040924/tools/bin/../lib/gcc/arm-none-eabi/9.3.1/../../../../arm-none-eabi/lib/thumb/v7e-m+fp/hard\libc_nano.a(lib_a-nano-vfprintf_i.o)
                0x000000000800b9b4                _printf_i
 .text.printf   0x000000000800bc00       0x30 c:/st/stm32cubeide_1.6.1/stm32cubeide/plugins/com.st.stm32cube.ide.mcu.externaltools.gnu-tools-for-stm32.9-2020-q2-update.win32_1.5.0.202011040924/tools/bin/../lib/gcc/arm-none-eabi/9.3.1/../../../../arm-none-eabi/lib/thumb/v7e-m+fp/hard\libc_nano.a(lib_a-printf.o)
                0x000000000800bc00                iprintf
                0x000000000800bc00                printf
 .text._puts_r  0x000000000800bc30       0xdc c:/st/stm32cubeide_1.6.1/stm32cubeide/plugins/com.st.stm32cube.ide.mcu.externaltools.gnu-tools-for-stm32.9-2020-q2-update.win32_1.5.0.202011040924/tools/bin/../lib/gcc/arm-none-eabi/9.3.1/../../../../arm-none-eabi/lib/thumb/v7e-m+fp/hard\libc_nano.a(lib_a-puts.o)
                0x000000000800bc30                _puts_r
 .text.puts     0x000000000800bd0c       0x10 c:/st/stm32cubeide_1.6.1/stm32cubeide/plugins/com.st.stm32cube.ide.mcu.externaltools.gnu-tools-for-stm32.9-2020-q2-update.win32_1.5.0.202011040924/tools/bin/../lib/gcc/arm-none-eabi/9.3.1/../../../../arm-none-eabi/lib/thumb/v7e-m+fp/hard\libc_nano.a(lib_a-puts.o)
                0x000000000800bd0c                puts
 .text.strncpy  0x000000000800bd1c       0x26 c:/st/stm32cubeide_1.6.1/stm32cubeide/plugins/com.st.stm32cube.ide.mcu.externaltools.gnu-tools-for-stm32.9-2020-q2-update.win32_1.5.0.202011040924/tools/bin/../lib/gcc/arm-none-eabi/9.3.1/../../../../arm-none-eabi/lib/thumb/v7e-m+fp/hard\libc_nano.a(lib_a-strncpy.o)
                0x000000000800bd1c                strncpy
 *fill*         0x000000000800bd42        0x2 
 .text.__swbuf_r
                0x000000000800bd44       0xa4 c:/st/stm32cubeide_1.6.1/stm32cubeide/plugins/com.st.stm32cube.ide.mcu.externaltools.gnu-tools-for-stm32.9-2020-q2-update.win32_1.5.0.202011040924/tools/bin/../lib/gcc/arm-none-eabi/9.3.1/../../../../arm-none-eabi/lib/thumb/v7e-m+fp/hard\libc_nano.a(lib_a-wbuf.o)
                0x000000000800bd44                __swbuf_r
 .text.__swsetup_r
                0x000000000800bde8       0xdc c:/st/stm32cubeide_1.6.1/stm32cubeide/plugins/com.st.stm32cube.ide.mcu.externaltools.gnu-tools-for-stm32.9-2020-q2-update.win32_1.5.0.202011040924/tools/bin/../lib/gcc/arm-none-eabi/9.3.1/../../../../arm-none-eabi/lib/thumb/v7e-m+fp/hard\libc_nano.a(lib_a-wsetup.o)
                0x000000000800bde8                __swsetup_r
 .text.quorem   0x000000000800bec4      0x116 c:/st/stm32cubeide_1.6.1/stm32cubeide/plugins/com.st.stm32cube.ide.mcu.externaltools.gnu-tools-for-stm32.9-2020-q2-update.win32_1.5.0.202011040924/tools/bin/../lib/gcc/arm-none-eabi/9.3.1/../../../../arm-none-eabi/lib/thumb/v7e-m+fp/hard\libc_nano.a(lib_a-dtoa.o)
 *fill*         0x000000000800bfda        0x6 
 .text._dtoa_r  0x000000000800bfe0      0xbd8 c:/st/stm32cubeide_1.6.1/stm32cubeide/plugins/com.st.stm32cube.ide.mcu.externaltools.gnu-tools-for-stm32.9-2020-q2-update.win32_1.5.0.202011040924/tools/bin/../lib/gcc/arm-none-eabi/9.3.1/../../../../arm-none-eabi/lib/thumb/v7e-m+fp/hard\libc_nano.a(lib_a-dtoa.o)
                0x000000000800bfe0                _dtoa_r
 .text.__sflush_r
                0x000000000800cbb8      0x10c c:/st/stm32cubeide_1.6.1/stm32cubeide/plugins/com.st.stm32cube.ide.mcu.externaltools.gnu-tools-for-stm32.9-2020-q2-update.win32_1.5.0.202011040924/tools/bin/../lib/gcc/arm-none-eabi/9.3.1/../../../../arm-none-eabi/lib/thumb/v7e-m+fp/hard\libc_nano.a(lib_a-fflush.o)
                0x000000000800cbb8                __sflush_r
 .text._fflush_r
                0x000000000800ccc4       0x78 c:/st/stm32cubeide_1.6.1/stm32cubeide/plugins/com.st.stm32cube.ide.mcu.externaltools.gnu-tools-for-stm32.9-2020-q2-update.win32_1.5.0.202011040924/tools/bin/../lib/gcc/arm-none-eabi/9.3.1/../../../../arm-none-eabi/lib/thumb/v7e-m+fp/hard\libc_nano.a(lib_a-fflush.o)
                0x000000000800ccc4                _fflush_r
 .text.std      0x000000000800cd3c       0x48 c:/st/stm32cubeide_1.6.1/stm32cubeide/plugins/com.st.stm32cube.ide.mcu.externaltools.gnu-tools-for-stm32.9-2020-q2-update.win32_1.5.0.202011040924/tools/bin/../lib/gcc/arm-none-eabi/9.3.1/../../../../arm-none-eabi/lib/thumb/v7e-m+fp/hard\libc_nano.a(lib_a-findfp.o)
 .text._cleanup_r
                0x000000000800cd84        0xc c:/st/stm32cubeide_1.6.1/stm32cubeide/plugins/com.st.stm32cube.ide.mcu.externaltools.gnu-tools-for-stm32.9-2020-q2-update.win32_1.5.0.202011040924/tools/bin/../lib/gcc/arm-none-eabi/9.3.1/../../../../arm-none-eabi/lib/thumb/v7e-m+fp/hard\libc_nano.a(lib_a-findfp.o)
                0x000000000800cd84                _cleanup_r
 .text.__sfmoreglue
                0x000000000800cd90       0x2c c:/st/stm32cubeide_1.6.1/stm32cubeide/plugins/com.st.stm32cube.ide.mcu.externaltools.gnu-tools-for-stm32.9-2020-q2-update.win32_1.5.0.202011040924/tools/bin/../lib/gcc/arm-none-eabi/9.3.1/../../../../arm-none-eabi/lib/thumb/v7e-m+fp/hard\libc_nano.a(lib_a-findfp.o)
                0x000000000800cd90                __sfmoreglue
 .text.__sfp_lock_acquire
                0x000000000800cdbc        0xc c:/st/stm32cubeide_1.6.1/stm32cubeide/plugins/com.st.stm32cube.ide.mcu.externaltools.gnu-tools-for-stm32.9-2020-q2-update.win32_1.5.0.202011040924/tools/bin/../lib/gcc/arm-none-eabi/9.3.1/../../../../arm-none-eabi/lib/thumb/v7e-m+fp/hard\libc_nano.a(lib_a-findfp.o)
                0x000000000800cdbc                __sfp_lock_acquire
 .text.__sfp_lock_release
                0x000000000800cdc8        0xc c:/st/stm32cubeide_1.6.1/stm32cubeide/plugins/com.st.stm32cube.ide.mcu.externaltools.gnu-tools-for-stm32.9-2020-q2-update.win32_1.5.0.202011040924/tools/bin/../lib/gcc/arm-none-eabi/9.3.1/../../../../arm-none-eabi/lib/thumb/v7e-m+fp/hard\libc_nano.a(lib_a-findfp.o)
                0x000000000800cdc8                __sfp_lock_release
 .text.__sinit_lock_acquire
                0x000000000800cdd4        0xc c:/st/stm32cubeide_1.6.1/stm32cubeide/plugins/com.st.stm32cube.ide.mcu.externaltools.gnu-tools-for-stm32.9-2020-q2-update.win32_1.5.0.202011040924/tools/bin/../lib/gcc/arm-none-eabi/9.3.1/../../../../arm-none-eabi/lib/thumb/v7e-m+fp/hard\libc_nano.a(lib_a-findfp.o)
                0x000000000800cdd4                __sinit_lock_acquire
 .text.__sinit_lock_release
                0x000000000800cde0        0xc c:/st/stm32cubeide_1.6.1/stm32cubeide/plugins/com.st.stm32cube.ide.mcu.externaltools.gnu-tools-for-stm32.9-2020-q2-update.win32_1.5.0.202011040924/tools/bin/../lib/gcc/arm-none-eabi/9.3.1/../../../../arm-none-eabi/lib/thumb/v7e-m+fp/hard\libc_nano.a(lib_a-findfp.o)
                0x000000000800cde0                __sinit_lock_release
 .text.__sinit  0x000000000800cdec       0x70 c:/st/stm32cubeide_1.6.1/stm32cubeide/plugins/com.st.stm32cube.ide.mcu.externaltools.gnu-tools-for-stm32.9-2020-q2-update.win32_1.5.0.202011040924/tools/bin/../lib/gcc/arm-none-eabi/9.3.1/../../../../arm-none-eabi/lib/thumb/v7e-m+fp/hard\libc_nano.a(lib_a-findfp.o)
                0x000000000800cdec                __sinit
 .text.__sfp    0x000000000800ce5c       0x8c c:/st/stm32cubeide_1.6.1/stm32cubeide/plugins/com.st.stm32cube.ide.mcu.externaltools.gnu-tools-for-stm32.9-2020-q2-update.win32_1.5.0.202011040924/tools/bin/../lib/gcc/arm-none-eabi/9.3.1/../../../../arm-none-eabi/lib/thumb/v7e-m+fp/hard\libc_nano.a(lib_a-findfp.o)
                0x000000000800ce5c                __sfp
 .text._fwalk_reent
                0x000000000800cee8       0x3e c:/st/stm32cubeide_1.6.1/stm32cubeide/plugins/com.st.stm32cube.ide.mcu.externaltools.gnu-tools-for-stm32.9-2020-q2-update.win32_1.5.0.202011040924/tools/bin/../lib/gcc/arm-none-eabi/9.3.1/../../../../arm-none-eabi/lib/thumb/v7e-m+fp/hard\libc_nano.a(lib_a-fwalk.o)
                0x000000000800cee8                _fwalk_reent
 *fill*         0x000000000800cf26        0x2 
 .text._localeconv_r
                0x000000000800cf28        0x8 c:/st/stm32cubeide_1.6.1/stm32cubeide/plugins/com.st.stm32cube.ide.mcu.externaltools.gnu-tools-for-stm32.9-2020-q2-update.win32_1.5.0.202011040924/tools/bin/../lib/gcc/arm-none-eabi/9.3.1/../../../../arm-none-eabi/lib/thumb/v7e-m+fp/hard\libc_nano.a(lib_a-localeconv.o)
                0x000000000800cf28                _localeconv_r
 .text.__retarget_lock_init_recursive
                0x000000000800cf30        0x2 c:/st/stm32cubeide_1.6.1/stm32cubeide/plugins/com.st.stm32cube.ide.mcu.externaltools.gnu-tools-for-stm32.9-2020-q2-update.win32_1.5.0.202011040924/tools/bin/../lib/gcc/arm-none-eabi/9.3.1/../../../../arm-none-eabi/lib/thumb/v7e-m+fp/hard\libc_nano.a(lib_a-lock.o)
                0x000000000800cf30                __retarget_lock_init_recursive
 .text.__retarget_lock_acquire_recursive
                0x000000000800cf32        0x2 c:/st/stm32cubeide_1.6.1/stm32cubeide/plugins/com.st.stm32cube.ide.mcu.externaltools.gnu-tools-for-stm32.9-2020-q2-update.win32_1.5.0.202011040924/tools/bin/../lib/gcc/arm-none-eabi/9.3.1/../../../../arm-none-eabi/lib/thumb/v7e-m+fp/hard\libc_nano.a(lib_a-lock.o)
                0x000000000800cf32                __retarget_lock_acquire_recursive
 .text.__retarget_lock_release_recursive
                0x000000000800cf34        0x2 c:/st/stm32cubeide_1.6.1/stm32cubeide/plugins/com.st.stm32cube.ide.mcu.externaltools.gnu-tools-for-stm32.9-2020-q2-update.win32_1.5.0.202011040924/tools/bin/../lib/gcc/arm-none-eabi/9.3.1/../../../../arm-none-eabi/lib/thumb/v7e-m+fp/hard\libc_nano.a(lib_a-lock.o)
                0x000000000800cf34                __retarget_lock_release_recursive
 .text.__swhatbuf_r
                0x000000000800cf36       0x48 c:/st/stm32cubeide_1.6.1/stm32cubeide/plugins/com.st.stm32cube.ide.mcu.externaltools.gnu-tools-for-stm32.9-2020-q2-update.win32_1.5.0.202011040924/tools/bin/../lib/gcc/arm-none-eabi/9.3.1/../../../../arm-none-eabi/lib/thumb/v7e-m+fp/hard\libc_nano.a(lib_a-makebuf.o)
                0x000000000800cf36                __swhatbuf_r
 *fill*         0x000000000800cf7e        0x2 
 .text.__smakebuf_r
                0x000000000800cf80       0x80 c:/st/stm32cubeide_1.6.1/stm32cubeide/plugins/com.st.stm32cube.ide.mcu.externaltools.gnu-tools-for-stm32.9-2020-q2-update.win32_1.5.0.202011040924/tools/bin/../lib/gcc/arm-none-eabi/9.3.1/../../../../arm-none-eabi/lib/thumb/v7e-m+fp/hard\libc_nano.a(lib_a-makebuf.o)
                0x000000000800cf80                __smakebuf_r
 .text.malloc   0x000000000800d000       0x10 c:/st/stm32cubeide_1.6.1/stm32cubeide/plugins/com.st.stm32cube.ide.mcu.externaltools.gnu-tools-for-stm32.9-2020-q2-update.win32_1.5.0.202011040924/tools/bin/../lib/gcc/arm-none-eabi/9.3.1/../../../../arm-none-eabi/lib/thumb/v7e-m+fp/hard\libc_nano.a(lib_a-malloc.o)
                0x000000000800d000                malloc
 .text._Balloc  0x000000000800d010       0x80 c:/st/stm32cubeide_1.6.1/stm32cubeide/plugins/com.st.stm32cube.ide.mcu.externaltools.gnu-tools-for-stm32.9-2020-q2-update.win32_1.5.0.202011040924/tools/bin/../lib/gcc/arm-none-eabi/9.3.1/../../../../arm-none-eabi/lib/thumb/v7e-m+fp/hard\libc_nano.a(lib_a-mprec.o)
                0x000000000800d010                _Balloc
 .text._Bfree   0x000000000800d090       0x44 c:/st/stm32cubeide_1.6.1/stm32cubeide/plugins/com.st.stm32cube.ide.mcu.externaltools.gnu-tools-for-stm32.9-2020-q2-update.win32_1.5.0.202011040924/tools/bin/../lib/gcc/arm-none-eabi/9.3.1/../../../../arm-none-eabi/lib/thumb/v7e-m+fp/hard\libc_nano.a(lib_a-mprec.o)
                0x000000000800d090                _Bfree
 .text.__multadd
                0x000000000800d0d4       0x94 c:/st/stm32cubeide_1.6.1/stm32cubeide/plugins/com.st.stm32cube.ide.mcu.externaltools.gnu-tools-for-stm32.9-2020-q2-update.win32_1.5.0.202011040924/tools/bin/../lib/gcc/arm-none-eabi/9.3.1/../../../../arm-none-eabi/lib/thumb/v7e-m+fp/hard\libc_nano.a(lib_a-mprec.o)
                0x000000000800d0d4                __multadd
 .text.__hi0bits
                0x000000000800d168       0x40 c:/st/stm32cubeide_1.6.1/stm32cubeide/plugins/com.st.stm32cube.ide.mcu.externaltools.gnu-tools-for-stm32.9-2020-q2-update.win32_1.5.0.202011040924/tools/bin/../lib/gcc/arm-none-eabi/9.3.1/../../../../arm-none-eabi/lib/thumb/v7e-m+fp/hard\libc_nano.a(lib_a-mprec.o)
                0x000000000800d168                __hi0bits
 .text.__lo0bits
                0x000000000800d1a8       0x60 c:/st/stm32cubeide_1.6.1/stm32cubeide/plugins/com.st.stm32cube.ide.mcu.externaltools.gnu-tools-for-stm32.9-2020-q2-update.win32_1.5.0.202011040924/tools/bin/../lib/gcc/arm-none-eabi/9.3.1/../../../../arm-none-eabi/lib/thumb/v7e-m+fp/hard\libc_nano.a(lib_a-mprec.o)
                0x000000000800d1a8                __lo0bits
 .text.__i2b    0x000000000800d208       0x2c c:/st/stm32cubeide_1.6.1/stm32cubeide/plugins/com.st.stm32cube.ide.mcu.externaltools.gnu-tools-for-stm32.9-2020-q2-update.win32_1.5.0.202011040924/tools/bin/../lib/gcc/arm-none-eabi/9.3.1/../../../../arm-none-eabi/lib/thumb/v7e-m+fp/hard\libc_nano.a(lib_a-mprec.o)
                0x000000000800d208                __i2b
 .text.__multiply