vl53l1_api.c:633:21:SetPresetMode	64	static
vl53l1_api.c:1267:21:SetLimitValue	8	static
vl53l1_api.c:1805:13:GenNewPresetMode	0	static
vl53l1_api.c:1888:16:ComputeRQL.part.0	0	static
vl53l1_api.c:289:14:VL53L1_GetVersion	0	static
vl53l1_api.c:305:14:VL53L1_GetProductRevision	0	static
vl53l1_api.c:324:14:VL53L1_GetDeviceInfo	16	static
vl53l1_api.c:370:14:VL53L1_GetUID	16	static
vl53l1_api.c:387:14:VL53L1_GetRangeStatusString	0	static
vl53l1_api.c:401:14:VL53L1_GetPalErrorString	0	static
vl53l1_api.c:414:14:VL53L1_GetPalStateString	0	static
vl53l1_api.c:427:14:VL53L1_GetPalState	0	static
vl53l1_api.c:442:14:VL53L1_SetDeviceAddress	16	static
vl53l1_api.c:535:14:VL53L1_WaitDeviceBooted	0	static
vl53l1_api.c:730:14:VL53L1_GetPresetMode	0	static
vl53l1_api.c:743:14:VL53L1_SetDistanceMode	192	static
vl53l1_api.c:805:14:VL53L1_GetDistanceMode	0	static
vl53l1_api.c:818:14:VL53L1_SetOutputMode	0	static
vl53l1_api.c:835:14:VL53L1_GetOutputMode	0	static
vl53l1_api.c:850:14:VL53L1_SetMeasurementTimingBudgetMicroSeconds	40	static
vl53l1_api.c:690:14:VL53L1_SetPresetMode	16	static
vl53l1_api.c:978:14:VL53L1_GetMeasurementTimingBudgetMicroSeconds	40	static
vl53l1_api.c:1070:14:VL53L1_SetInterMeasurementPeriodMilliSeconds	0	static
vl53l1_api.c:1089:14:VL53L1_GetInterMeasurementPeriodMilliSeconds	16	static
vl53l1_api.c:1107:14:VL53L1_SetDmaxReflectance	32	static
vl53l1_api.c:1134:14:VL53L1_GetDmaxReflectance	24	static
vl53l1_api.c:1154:14:VL53L1_SetDmaxMode	0	static
vl53l1_api.c:1185:14:VL53L1_GetDmaxMode	16	static
vl53l1_api.c:1221:14:VL53L1_GetNumberOfLimitCheck	0	static
vl53l1_api.c:1233:14:VL53L1_GetLimitCheckInfo	0	static
vl53l1_api.c:1247:14:VL53L1_GetLimitCheckStatus	0	static
vl53l1_api.c:1293:14:VL53L1_SetLimitCheckEnable	16	static
vl53l1_api.c:459:14:VL53L1_DataInit	16	static
vl53l1_api.c:1327:14:VL53L1_GetLimitCheckEnable	0	static
vl53l1_api.c:1349:14:VL53L1_SetLimitCheckValue	24	static
vl53l1_api.c:1386:14:VL53L1_GetLimitCheckValue	24	static
vl53l1_api.c:1433:14:VL53L1_GetLimitCheckCurrent	0	static
vl53l1_api.c:1461:14:VL53L1_GetMaxNumberOfROI	0	static
vl53l1_api.c:1481:14:VL53L1_SetROI	192	static
vl53l1_api.c:1545:14:VL53L1_GetROI	184	static
vl53l1_api.c:1587:14:VL53L1_GetNumberOfSequenceSteps	0	static
vl53l1_api.c:1602:14:VL53L1_GetSequenceStepsInfo	0	static
vl53l1_api.c:1618:14:VL53L1_SetSequenceStepEnable	16	static
vl53l1_api.c:1649:14:VL53L1_GetSequenceStepEnable	0	static
vl53l1_api.c:1673:14:VL53L1_StartMeasurement	24	static
vl53l1_api.c:1743:14:VL53L1_StopMeasurement	16	static
vl53l1_api.c:1760:14:VL53L1_ClearInterruptAndStartMeasurement	0	static
vl53l1_api.c:1777:14:VL53L1_GetMeasurementDataReady	0	static
vl53l1_api.c:1790:14:VL53L1_WaitMeasurementDataReady	0	static
vl53l1_api.c:2529:14:VL53L1_GetRangingMeasurementData	40	static
vl53l1_api.c:2653:14:VL53L1_GetMultiRangingData	96	static
vl53l1_api.c:2700:14:VL53L1_GetAdditionalData	0	static
vl53l1_api.c:2718:14:VL53L1_SetTuningParameter	8	static
vl53l1_api.c:2744:14:VL53L1_GetTuningParameter	4	static
vl53l1_api.c:2767:14:VL53L1_PerformRefSpadManagement	48	static
vl53l1_api.c:2843:14:VL53L1_SmudgeCorrectionEnable	16	static
vl53l1_api.c:510:14:VL53L1_StaticInit	16	static
vl53l1_api.c:2891:14:VL53L1_SetXTalkCompensationEnable	0	static
vl53l1_api.c:2908:14:VL53L1_GetXTalkCompensationEnable	8	static
vl53l1_api.c:3015:14:VL53L1_SetOffsetCalibrationMode	0	static
vl53l1_api.c:3046:14:VL53L1_SetOffsetCorrectionMode	0	static
vl53l1_api.c:3077:14:VL53L1_PerformOffsetCalibration	208	static
vl53l1_api.c:3146:14:VL53L1_PerformOffsetSimpleCalibration	96	static
vl53l1_api.c:3246:14:VL53L1_PerformOffsetZeroDistanceCalibration	96	static
vl53l1_api.c:3336:14:VL53L1_SetCalibrationData	440	static
vl53l1_api.c:3494:14:VL53L1_GetCalibrationData	440	static
vl53l1_api.c:2924:14:VL53L1_PerformXTalkCalibration	488	static
vl53l1_api.c:3626:14:VL53L1_SetZoneCalibrationData	0	static
vl53l1_api.c:3640:14:VL53L1_GetZoneCalibrationData	0	static
vl53l1_api.c:3653:14:VL53L1_GetOpticalCenter	400	static
vl53l1_api.c:3681:14:VL53L1_SetThresholdConfig	56	static
vl53l1_api.c:3782:14:VL53L1_GetThresholdConfig	32	static
vl53l1_api.c:3842:14:VL53L1_PerformOffsetPerVcselCalibration	136	static
