vl53l1_hist_algos_gen3.c:51:6:VL53L1_f_016	8	static
vl53l1_hist_algos_gen3.c:103:14:VL53L1_f_018	48	static
vl53l1_hist_algos_gen3.c:205:14:VL53L1_f_019	20	static
vl53l1_hist_algos_gen3.c:243:14:VL53L1_f_020	20	static
vl53l1_hist_algos_gen3.c:293:14:VL53L1_f_021	28	static
vl53l1_hist_algos_gen3.c:386:14:VL53L1_f_028	72	static
vl53l1_hist_algos_gen3.c:465:14:VL53L1_f_022	20	static
vl53l1_hist_algos_gen3.c:581:14:VL53L1_f_030	56	static
vl53l1_hist_algos_gen3.c:503:14:VL53L1_f_027	48	static
vl53l1_hist_algos_gen3.c:648:14:VL53L1_f_023	24	static
vl53l1_hist_algos_gen3.c:691:14:VL53L1_f_026	96	static
vl53l1_hist_algos_gen3.c:782:6:VL53L1_f_029	20	static
