vl53l1_nvm.c:46:14:VL53L1_nvm_enable	16	static
vl53l1_nvm.c:120:14:VL53L1_nvm_read	24	static
vl53l1_nvm.c:201:14:VL53L1_nvm_disable	8	static
vl53l1_nvm.c:818:14:VL53L1_nvm_decode_optical_centre	0	static
vl53l1_nvm.c:844:14:VL53L1_nvm_decode_cal_peak_rate_map	16	static
vl53l1_nvm.c:881:14:VL53L1_nvm_decode_additional_offset_cal_data	16	static
vl53l1_nvm.c:908:14:VL53L1_nvm_decode_fmt_range_results_data	16	static
vl53l1_nvm.c:950:14:VL53L1_nvm_decode_fmt_info	32	static
vl53l1_nvm.c:1171:14:VL53L1_nvm_decode_ews_info	40	static
vl53l1_nvm.c:241:14:VL53L1_nvm_format_decode	64	static
vl53l1_nvm.c:1296:6:VL53L1_nvm_format_encode	0	static
vl53l1_nvm.c:1305:14:VL53L1_read_nvm_raw_data	24	static
vl53l1_nvm.c:1347:14:VL53L1_read_nvm	520	static
vl53l1_nvm.c:1388:14:VL53L1_read_nvm_optical_centre	16	static
vl53l1_nvm.c:1426:14:VL53L1_read_nvm_cal_peak_rate_map	64	static
vl53l1_nvm.c:1464:14:VL53L1_read_nvm_additional_offset_cal_data	16	static
vl53l1_nvm.c:1503:14:VL53L1_read_nvm_fmt_range_results_data	24	static
