vl53l1_api_preset_modes.c:35:14:VL53L1_init_refspadchar_config_struct	0	static
vl53l1_api_preset_modes.c:65:14:VL53L1_init_ssc_config_struct	0	static
vl53l1_api_preset_modes.c:103:14:VL53L1_init_xtalk_config_struct	16	static
vl53l1_api_preset_modes.c:182:14:VL53L1_init_xtalk_extract_config_struct	0	static
vl53l1_api_preset_modes.c:227:14:VL53L1_init_offset_cal_config_struct	0	static
vl53l1_api_preset_modes.c:265:14:VL53L1_init_zone_cal_config_struct	0	static
vl53l1_api_preset_modes.c:302:14:VL53L1_init_hist_post_process_config_struct	0	static
vl53l1_api_preset_modes.c:420:14:VL53L1_init_dmax_calibration_data_struct	0	static
vl53l1_api_preset_modes.c:450:14:VL53L1_init_tuning_parm_storage_struct	12	static
vl53l1_api_preset_modes.c:689:14:VL53L1_init_hist_gen3_dmax_config_struct	0	static
vl53l1_api_preset_modes.c:728:14:VL53L1_preset_mode_standard_ranging	24	static
vl53l1_api_preset_modes.c:962:14:VL53L1_preset_mode_standard_ranging_short_range	40	static
vl53l1_api_preset_modes.c:1021:14:VL53L1_preset_mode_standard_ranging_long_range	40	static
vl53l1_api_preset_modes.c:1080:14:VL53L1_preset_mode_standard_ranging_mm1_cal	32	static
vl53l1_api_preset_modes.c:1129:14:VL53L1_preset_mode_standard_ranging_mm2_cal	32	static
vl53l1_api_preset_modes.c:1178:14:VL53L1_preset_mode_timed_ranging	40	static
vl53l1_api_preset_modes.c:1243:14:VL53L1_preset_mode_timed_ranging_short_range	40	static
vl53l1_api_preset_modes.c:1309:14:VL53L1_preset_mode_timed_ranging_long_range	40	static
vl53l1_api_preset_modes.c:1376:14:VL53L1_preset_mode_low_power_auto_ranging	40	static
vl53l1_api_preset_modes.c:1421:14:VL53L1_preset_mode_low_power_auto_short_ranging	40	static
vl53l1_api_preset_modes.c:1466:14:VL53L1_preset_mode_low_power_auto_long_ranging	40	static
vl53l1_api_preset_modes.c:1513:14:VL53L1_preset_mode_singleshot_ranging	40	static
vl53l1_api_preset_modes.c:3446:14:VL53L1_preset_mode_olt	32	static
vl53l1_api_preset_modes.c:3486:6:VL53L1_copy_hist_cfg_to_static_cfg	12	static
vl53l1_api_preset_modes.c:1578:14:VL53L1_preset_mode_histogram_ranging	88	static
vl53l1_api_preset_modes.c:2915:14:VL53L1_preset_mode_histogram_characterisation	48	static
vl53l1_api_preset_modes.c:1697:14:VL53L1_preset_mode_histogram_ranging_with_mm1	80	static
vl53l1_api_preset_modes.c:1778:14:VL53L1_preset_mode_histogram_ranging_with_mm2	40	static
vl53l1_api_preset_modes.c:1830:14:VL53L1_preset_mode_histogram_ranging_mm1_cal	80	static
vl53l1_api_preset_modes.c:1910:14:VL53L1_preset_mode_histogram_ranging_mm2_cal	40	static
vl53l1_api_preset_modes.c:1961:14:VL53L1_preset_mode_histogram_ranging_short_timing	88	static
vl53l1_api_preset_modes.c:2067:14:VL53L1_preset_mode_histogram_long_range	88	static
vl53l1_api_preset_modes.c:2189:14:VL53L1_preset_mode_histogram_long_range_mm1	80	static
vl53l1_api_preset_modes.c:2265:14:VL53L1_preset_mode_histogram_long_range_mm2	40	static
vl53l1_api_preset_modes.c:2318:14:VL53L1_preset_mode_histogram_medium_range	88	static
vl53l1_api_preset_modes.c:2440:14:VL53L1_preset_mode_histogram_medium_range_mm1	88	static
vl53l1_api_preset_modes.c:2514:14:VL53L1_preset_mode_histogram_medium_range_mm2	40	static
vl53l1_api_preset_modes.c:2566:14:VL53L1_preset_mode_histogram_short_range	80	static
vl53l1_api_preset_modes.c:2690:14:VL53L1_preset_mode_special_histogram_short_range	80	static
vl53l1_api_preset_modes.c:2785:14:VL53L1_preset_mode_histogram_short_range_mm1	80	static
vl53l1_api_preset_modes.c:2862:14:VL53L1_preset_mode_histogram_short_range_mm2	40	static
vl53l1_api_preset_modes.c:3060:14:VL53L1_preset_mode_histogram_xtalk_mm1	96	static
vl53l1_api_preset_modes.c:3177:14:VL53L1_preset_mode_histogram_xtalk_mm2	40	static
vl53l1_api_preset_modes.c:3227:14:VL53L1_preset_mode_histogram_multizone	56	static
vl53l1_api_preset_modes.c:3297:14:VL53L1_preset_mode_histogram_multizone_short_range	56	static
vl53l1_api_preset_modes.c:3371:14:VL53L1_preset_mode_histogram_multizone_long_range	56	static
vl53l1_api_preset_modes.c:2972:14:VL53L1_preset_mode_histogram_xtalk_planar	96	static
vl53l1_api_preset_modes.c:3562:6:VL53L1_copy_hist_bins_to_static_cfg	8	static
vl53l1_api_preset_modes.c:3623:14:VL53L1_preset_mode_histogram_ranging_ref	56	static
