vl53l1_platform.c:83:5:_I2CWrite	16	static
vl53l1_platform.c:105:5:_I2CRead	16	static
vl53l1_platform.c:118:14:VL53L1_WriteMulti	24	static
vl53l1_platform.c:137:14:VL53L1_ReadMulti	24	static
vl53l1_platform.c:158:14:VL53L1_WrByte	8	static
vl53l1_platform.c:175:14:VL53L1_WrWord	8	static
vl53l1_platform.c:193:14:VL53L1_WrDWord	8	static
vl53l1_platform.c:225:14:VL53L1_RdByte	16	static
vl53l1_platform.c:211:14:VL53L1_UpdateByte	32	static
vl53l1_platform.c:246:14:VL53L1_RdWord	16	static
vl53l1_platform.c:271:14:VL53L1_RdDWord	16	static
vl53l1_platform.c:296:14:VL53L1_GetTickCount	0	static
vl53l1_platform.c:349:14:VL53L1_GetTimerFrequency	0	static
vl53l1_platform.c:358:14:VL53L1_WaitMs	8	static
vl53l1_platform.c:364:14:VL53L1_WaitUs	8	static
vl53l1_platform.c:370:14:VL53L1_WaitValueMaskEx	560	static
